-- TEST BEGIN
b063b75b/-0.00 8701ce82/-0.00 46fcc888/+32356.27 793cc535/+61259477699317514327946461014130688.00
b3e2a618/-0.00 8b5b19e9/-0.00 4b1ed4a7/+10409127.00 7d1ca47b/+13013349922726739816220940519602126848.00
42546666/+53.10 c7f079b3/-123123.40 4b1ed5e7/+10409447.00 7d1ca47b/+13013349922726739816220940519602126848.00
-- TEST END
