-- TEST BEGIN
DIV single waitq:
  VF01: 00000000/+0.00 00000000/+0.00 00000000/+0.00 3e800000/+0.25
DIV multiple waitq:
  VF01: 00000000/+0.00 00000000/+0.00 00000000/+0.00 3e800000/+0.25
  VF02: 00000000/+0.00 00000000/+0.00 00000000/+0.00 3d800000/+0.06
DIV single delayed:
  VF01: 00000000/+0.00 00000000/+0.00 00000000/+0.00 3f800000/+1.00
  VF02: 00000000/+0.00 00000000/+0.00 00000000/+0.00 3f800000/+1.00
  VF03: 00000000/+0.00 00000000/+0.00 00000000/+0.00 3f800000/+1.00
  VF04: 00000000/+0.00 00000000/+0.00 00000000/+0.00 3f800000/+1.00
  VF05: 00000000/+0.00 00000000/+0.00 00000000/+0.00 3f800000/+1.00
  VF06: 00000000/+0.00 00000000/+0.00 00000000/+0.00 3f800000/+1.00
  VF07: 00000000/+0.00 00000000/+0.00 00000000/+0.00 3e800000/+0.25
  VF08: 00000000/+0.00 00000000/+0.00 00000000/+0.00 3e800000/+0.25
  VF09: 00000000/+0.00 00000000/+0.00 00000000/+0.00 3e800000/+0.25
  VF10: 00000000/+0.00 00000000/+0.00 00000000/+0.00 3e800000/+0.25
  VF11: 00000000/+0.00 00000000/+0.00 00000000/+0.00 3e800000/+0.25
  VF12: 00000000/+0.00 00000000/+0.00 00000000/+0.00 3e800000/+0.25
  VF13: 00000000/+0.00 00000000/+0.00 00000000/+0.00 3e800000/+0.25
  VF14: 00000000/+0.00 00000000/+0.00 00000000/+0.00 3e800000/+0.25
DIV multiple delayed (1):
  VF01: 00000000/+0.00 00000000/+0.00 00000000/+0.00 3e800000/+0.25
  VF02: 00000000/+0.00 00000000/+0.00 00000000/+0.00 3e800000/+0.25
  VF03: 00000000/+0.00 00000000/+0.00 00000000/+0.00 3e800000/+0.25
  VF04: 00000000/+0.00 00000000/+0.00 00000000/+0.00 3e800000/+0.25
  VF05: 00000000/+0.00 00000000/+0.00 00000000/+0.00 3e800000/+0.25
  VF06: 00000000/+0.00 00000000/+0.00 00000000/+0.00 3e800000/+0.25
  VF07: 00000000/+0.00 00000000/+0.00 00000000/+0.00 3d800000/+0.06
  VF08: 00000000/+0.00 00000000/+0.00 00000000/+0.00 3d800000/+0.06
  VF09: 00000000/+0.00 00000000/+0.00 00000000/+0.00 3d800000/+0.06
  VF10: 00000000/+0.00 00000000/+0.00 00000000/+0.00 3d800000/+0.06
  VF11: 00000000/+0.00 00000000/+0.00 00000000/+0.00 3d800000/+0.06
  VF12: 00000000/+0.00 00000000/+0.00 00000000/+0.00 3d800000/+0.06
  VF13: 00000000/+0.00 00000000/+0.00 00000000/+0.00 3d800000/+0.06
  VF14: 00000000/+0.00 00000000/+0.00 00000000/+0.00 3d800000/+0.06
DIV multiple delayed (2):
  VF01: 00000000/+0.00 00000000/+0.00 00000000/+0.00 3f800000/+1.00
  VF02: 00000000/+0.00 00000000/+0.00 00000000/+0.00 3e800000/+0.25
  VF03: 00000000/+0.00 00000000/+0.00 00000000/+0.00 3e800000/+0.25
  VF04: 00000000/+0.00 00000000/+0.00 00000000/+0.00 3e800000/+0.25
  VF05: 00000000/+0.00 00000000/+0.00 00000000/+0.00 3e800000/+0.25
  VF06: 00000000/+0.00 00000000/+0.00 00000000/+0.00 3e800000/+0.25
  VF07: 00000000/+0.00 00000000/+0.00 00000000/+0.00 3e800000/+0.25
  VF08: 00000000/+0.00 00000000/+0.00 00000000/+0.00 3d800000/+0.06
  VF09: 00000000/+0.00 00000000/+0.00 00000000/+0.00 3d800000/+0.06
  VF10: 00000000/+0.00 00000000/+0.00 00000000/+0.00 3d800000/+0.06
  VF11: 00000000/+0.00 00000000/+0.00 00000000/+0.00 3d800000/+0.06
  VF12: 00000000/+0.00 00000000/+0.00 00000000/+0.00 3d800000/+0.06
  VF13: 00000000/+0.00 00000000/+0.00 00000000/+0.00 3d800000/+0.06
  VF14: 00000000/+0.00 00000000/+0.00 00000000/+0.00 3d800000/+0.06
SQRT single waitq:
  VF01: 00000000/+0.00 00000000/+0.00 00000000/+0.00 40000000/+2.00
SQRT multiple waitq:
  VF01: 00000000/+0.00 00000000/+0.00 00000000/+0.00 40000000/+2.00
  VF02: 00000000/+0.00 00000000/+0.00 00000000/+0.00 40800000/+4.00
SQRT single delayed:
  VF01: 00000000/+0.00 00000000/+0.00 00000000/+0.00 3f800000/+1.00
  VF02: 00000000/+0.00 00000000/+0.00 00000000/+0.00 3f800000/+1.00
  VF03: 00000000/+0.00 00000000/+0.00 00000000/+0.00 3f800000/+1.00
  VF04: 00000000/+0.00 00000000/+0.00 00000000/+0.00 3f800000/+1.00
  VF05: 00000000/+0.00 00000000/+0.00 00000000/+0.00 3f800000/+1.00
  VF06: 00000000/+0.00 00000000/+0.00 00000000/+0.00 3f800000/+1.00
  VF07: 00000000/+0.00 00000000/+0.00 00000000/+0.00 40000000/+2.00
  VF08: 00000000/+0.00 00000000/+0.00 00000000/+0.00 40000000/+2.00
  VF09: 00000000/+0.00 00000000/+0.00 00000000/+0.00 40000000/+2.00
  VF10: 00000000/+0.00 00000000/+0.00 00000000/+0.00 40000000/+2.00
  VF11: 00000000/+0.00 00000000/+0.00 00000000/+0.00 40000000/+2.00
  VF12: 00000000/+0.00 00000000/+0.00 00000000/+0.00 40000000/+2.00
  VF13: 00000000/+0.00 00000000/+0.00 00000000/+0.00 40000000/+2.00
  VF14: 00000000/+0.00 00000000/+0.00 00000000/+0.00 40000000/+2.00
SQRT multiple delayed (1):
  VF01: 00000000/+0.00 00000000/+0.00 00000000/+0.00 40000000/+2.00
  VF02: 00000000/+0.00 00000000/+0.00 00000000/+0.00 40000000/+2.00
  VF03: 00000000/+0.00 00000000/+0.00 00000000/+0.00 40000000/+2.00
  VF04: 00000000/+0.00 00000000/+0.00 00000000/+0.00 40000000/+2.00
  VF05: 00000000/+0.00 00000000/+0.00 00000000/+0.00 40000000/+2.00
  VF06: 00000000/+0.00 00000000/+0.00 00000000/+0.00 40000000/+2.00
  VF07: 00000000/+0.00 00000000/+0.00 00000000/+0.00 40800000/+4.00
  VF08: 00000000/+0.00 00000000/+0.00 00000000/+0.00 40800000/+4.00
  VF09: 00000000/+0.00 00000000/+0.00 00000000/+0.00 40800000/+4.00
  VF10: 00000000/+0.00 00000000/+0.00 00000000/+0.00 40800000/+4.00
  VF11: 00000000/+0.00 00000000/+0.00 00000000/+0.00 40800000/+4.00
  VF12: 00000000/+0.00 00000000/+0.00 00000000/+0.00 40800000/+4.00
  VF13: 00000000/+0.00 00000000/+0.00 00000000/+0.00 40800000/+4.00
  VF14: 00000000/+0.00 00000000/+0.00 00000000/+0.00 40800000/+4.00
SQRT multiple delayed (2):
  VF01: 00000000/+0.00 00000000/+0.00 00000000/+0.00 3f800000/+1.00
  VF02: 00000000/+0.00 00000000/+0.00 00000000/+0.00 40000000/+2.00
  VF03: 00000000/+0.00 00000000/+0.00 00000000/+0.00 40000000/+2.00
  VF04: 00000000/+0.00 00000000/+0.00 00000000/+0.00 40000000/+2.00
  VF05: 00000000/+0.00 00000000/+0.00 00000000/+0.00 40000000/+2.00
  VF06: 00000000/+0.00 00000000/+0.00 00000000/+0.00 40000000/+2.00
  VF07: 00000000/+0.00 00000000/+0.00 00000000/+0.00 40000000/+2.00
  VF08: 00000000/+0.00 00000000/+0.00 00000000/+0.00 40800000/+4.00
  VF09: 00000000/+0.00 00000000/+0.00 00000000/+0.00 40800000/+4.00
  VF10: 00000000/+0.00 00000000/+0.00 00000000/+0.00 40800000/+4.00
  VF11: 00000000/+0.00 00000000/+0.00 00000000/+0.00 40800000/+4.00
  VF12: 00000000/+0.00 00000000/+0.00 00000000/+0.00 40800000/+4.00
  VF13: 00000000/+0.00 00000000/+0.00 00000000/+0.00 40800000/+4.00
  VF14: 00000000/+0.00 00000000/+0.00 00000000/+0.00 40800000/+4.00
RSQRT single waitq:
  VF01: 00000000/+0.00 00000000/+0.00 00000000/+0.00 3f000000/+0.50
RSQRT multiple waitq:
  VF01: 00000000/+0.00 00000000/+0.00 00000000/+0.00 3f000000/+0.50
  VF02: 00000000/+0.00 00000000/+0.00 00000000/+0.00 3e800000/+0.25
RSQRT single delayed:
  VF01: 00000000/+0.00 00000000/+0.00 00000000/+0.00 3f800000/+1.00
  VF02: 00000000/+0.00 00000000/+0.00 00000000/+0.00 3f800000/+1.00
  VF03: 00000000/+0.00 00000000/+0.00 00000000/+0.00 3f800000/+1.00
  VF04: 00000000/+0.00 00000000/+0.00 00000000/+0.00 3f800000/+1.00
  VF05: 00000000/+0.00 00000000/+0.00 00000000/+0.00 3f800000/+1.00
  VF06: 00000000/+0.00 00000000/+0.00 00000000/+0.00 3f800000/+1.00
  VF07: 00000000/+0.00 00000000/+0.00 00000000/+0.00 3f800000/+1.00
  VF08: 00000000/+0.00 00000000/+0.00 00000000/+0.00 3f800000/+1.00
  VF09: 00000000/+0.00 00000000/+0.00 00000000/+0.00 3f800000/+1.00
  VF10: 00000000/+0.00 00000000/+0.00 00000000/+0.00 3f800000/+1.00
  VF11: 00000000/+0.00 00000000/+0.00 00000000/+0.00 3f800000/+1.00
  VF12: 00000000/+0.00 00000000/+0.00 00000000/+0.00 3f800000/+1.00
  VF13: 00000000/+0.00 00000000/+0.00 00000000/+0.00 3f000000/+0.50
  VF14: 00000000/+0.00 00000000/+0.00 00000000/+0.00 3f000000/+0.50
RSQRT multiple delayed (1):
  VF01: 00000000/+0.00 00000000/+0.00 00000000/+0.00 3f000000/+0.50
  VF02: 00000000/+0.00 00000000/+0.00 00000000/+0.00 3f000000/+0.50
  VF03: 00000000/+0.00 00000000/+0.00 00000000/+0.00 3f000000/+0.50
  VF04: 00000000/+0.00 00000000/+0.00 00000000/+0.00 3f000000/+0.50
  VF05: 00000000/+0.00 00000000/+0.00 00000000/+0.00 3f000000/+0.50
  VF06: 00000000/+0.00 00000000/+0.00 00000000/+0.00 3f000000/+0.50
  VF07: 00000000/+0.00 00000000/+0.00 00000000/+0.00 3f000000/+0.50
  VF08: 00000000/+0.00 00000000/+0.00 00000000/+0.00 3f000000/+0.50
  VF09: 00000000/+0.00 00000000/+0.00 00000000/+0.00 3f000000/+0.50
  VF10: 00000000/+0.00 00000000/+0.00 00000000/+0.00 3f000000/+0.50
  VF11: 00000000/+0.00 00000000/+0.00 00000000/+0.00 3f000000/+0.50
  VF12: 00000000/+0.00 00000000/+0.00 00000000/+0.00 3f000000/+0.50
  VF13: 00000000/+0.00 00000000/+0.00 00000000/+0.00 3e800000/+0.25
  VF14: 00000000/+0.00 00000000/+0.00 00000000/+0.00 3e800000/+0.25
RSQRT multiple delayed (2):
  VF01: 00000000/+0.00 00000000/+0.00 00000000/+0.00 3f800000/+1.00
  VF02: 00000000/+0.00 00000000/+0.00 00000000/+0.00 3f000000/+0.50
  VF03: 00000000/+0.00 00000000/+0.00 00000000/+0.00 3f000000/+0.50
  VF04: 00000000/+0.00 00000000/+0.00 00000000/+0.00 3f000000/+0.50
  VF05: 00000000/+0.00 00000000/+0.00 00000000/+0.00 3f000000/+0.50
  VF06: 00000000/+0.00 00000000/+0.00 00000000/+0.00 3f000000/+0.50
  VF07: 00000000/+0.00 00000000/+0.00 00000000/+0.00 3f000000/+0.50
  VF08: 00000000/+0.00 00000000/+0.00 00000000/+0.00 3f000000/+0.50
  VF09: 00000000/+0.00 00000000/+0.00 00000000/+0.00 3f000000/+0.50
  VF10: 00000000/+0.00 00000000/+0.00 00000000/+0.00 3f000000/+0.50
  VF11: 00000000/+0.00 00000000/+0.00 00000000/+0.00 3f000000/+0.50
  VF12: 00000000/+0.00 00000000/+0.00 00000000/+0.00 3f000000/+0.50
  VF13: 00000000/+0.00 00000000/+0.00 00000000/+0.00 3f000000/+0.50
  VF14: 00000000/+0.00 00000000/+0.00 00000000/+0.00 3e800000/+0.25
-- TEST END
