-- TEST BEGIN
Set signal bits -> CSR[SIGNAL] = 0000000000000001, SIGLBLID: 76543210000000f0
Clear signal bits -> CSR[SIGNAL] = 0000000000000001, SIGLBLID: 3333333333333303
-- TEST END
