-- TEST BEGIN
addu:
  addu 0, 0: 00000000 00000000 00000000 00000000
  addu 0, 1: 00000000 00000000 00000000 00000001
  addu 1, 1: 00000000 00000000 00000000 00000002
  addu 1, 0: 00000000 00000000 00000000 00000001
  addu 2, 2: 00000000 00000000 00000000 00000004
  addu -1, 1: 00000000 00000000 00000000 00000000
  addu -1, -1: 00000000 00000000 ffffffff fffffffe
  addu C_ZERO, C_ZERO: 0000133a 00001339 00000000 00000000
  addu C_ZERO, C_ONE: 0000133a 00001339 00000000 00000001
  addu C_ONE, C_ZERO: 0000133a 00001339 00000000 00000001
  addu C_ONE, C_ONE: 0000133a 00001339 00000000 00000002
  addu C_ONE, C_NEGONE: 0000133a 00001339 00000000 00000000
  addu C_S16_MAX, C_S16_MAX: 0000133a 00001339 00000000 0000fffe
  addu C_S16_MIN, C_S16_MIN: 0000133a 00001339 ffffffff ffff0000
  addu C_S32_MAX, C_S32_MAX: 0000133a 00001339 ffffffff fffffffe
  addu C_S32_MIN, C_S32_MIN: 0000133a 00001339 00000000 00000000
  addu C_S64_MAX, C_S64_MAX: 0000133a 00001339 ffffffff fffffffe
  addu C_S64_MIN, C_S64_MIN: 0000133a 00001339 00000000 00000000
  addu C_GARBAGE1, C_GARBAGE2: 0000133a 00001339 ffffffff deadd226
  addu -> $0: 0000133a 00001339 00000000 00000000

addiu:
  addiu 0, 0: 0000133a 00001339 00000000 00000000
  addiu 0, 1: 0000133a 00001339 00000000 00000001
  addiu 1, 1: 0000133a 00001339 00000000 00000002
  addiu 1, 0: 0000133a 00001339 00000000 00000001
  addiu 2, 2: 0000133a 00001339 00000000 00000004
  addiu -1, 1: 0000133a 00001339 00000000 00000000
  addiu -1, 65535: 0000133a 00001339 ffffffff fffffffe
  addiu C_ZERO, 0: 0000133a 00001339 00000000 00000000
  addiu C_ZERO, 1: 0000133a 00001339 00000000 00000001
  addiu C_ONE, 0: 0000133a 00001339 00000000 00000001
  addiu C_ONE, 1: 0000133a 00001339 00000000 00000002
  addiu C_ONE, 65535: 0000133a 00001339 00000000 00000000
  addiu C_S16_MAX, 32767: 0000133a 00001339 00000000 0000fffe
  addiu C_S16_MIN, 32768: 0000133a 00001339 ffffffff ffff0000
  addiu C_S32_MAX, 32767: 0000133a 00001339 ffffffff 80007ffe
  addiu C_S32_MIN, 32768: 0000133a 00001339 00000000 7fff8000
  addiu C_S64_MAX, 32767: 0000133a 00001339 00000000 00007ffe
  addiu C_S64_MIN, 32768: 0000133a 00001339 ffffffff ffff8000
  addiu C_GARBAGE1, 57005: 0000133a 00001339 ffffffff fffff1e4
  addiu -> $0: 0000133a 00001339 00000000 00000000

and:
  and 0, 0: 0000133a 00001339 00000000 00000000
  and 0, 1: 0000133a 00001339 00000000 00000000
  and 1, 1: 0000133a 00001339 00000000 00000001
  and 1, 0: 0000133a 00001339 00000000 00000000
  and 2, 2: 0000133a 00001339 00000000 00000002
  and -1, 1: 0000133a 00001339 00000000 00000001
  and -1, -1: 0000133a 00001339 ffffffff ffffffff
  and C_ZERO, C_ZERO: 0000133a 00001339 00000000 00000000
  and C_ZERO, C_ONE: 0000133a 00001339 00000000 00000000
  and C_ONE, C_ZERO: 0000133a 00001339 00000000 00000000
  and C_ONE, C_ONE: 0000133a 00001339 00000000 00000001
  and C_ONE, C_NEGONE: 0000133a 00001339 00000000 00000001
  and C_S16_MAX, C_S16_MAX: 0000133a 00001339 00000000 00007fff
  and C_S16_MIN, C_S16_MIN: 0000133a 00001339 ffffffff ffff8000
  and C_S32_MAX, C_S32_MAX: 0000133a 00001339 00000000 7fffffff
  and C_S32_MIN, C_S32_MIN: 0000133a 00001339 ffffffff 80000000
  and C_S64_MAX, C_S64_MAX: 0000133a 00001339 7fffffff ffffffff
  and C_S64_MIN, C_S64_MIN: 0000133a 00001339 80000000 00000000
  and C_GARBAGE1, C_GARBAGE2: 0000133a 00001339 00001228 00001227
  and -> $0: 0000133a 00001339 00000000 00000000

andi:
  andi 0, 0: 0000133a 00001339 00000000 00000000
  andi 0, 1: 0000133a 00001339 00000000 00000000
  andi 1, 1: 0000133a 00001339 00000000 00000001
  andi 1, 0: 0000133a 00001339 00000000 00000000
  andi 2, 2: 0000133a 00001339 00000000 00000002
  andi -1, 1: 0000133a 00001339 00000000 00000001
  andi -1, 65535: 0000133a 00001339 00000000 0000ffff
  andi C_ZERO, 0: 0000133a 00001339 00000000 00000000
  andi C_ZERO, 1: 0000133a 00001339 00000000 00000000
  andi C_ONE, 0: 0000133a 00001339 00000000 00000000
  andi C_ONE, 1: 0000133a 00001339 00000000 00000001
  andi C_ONE, 65535: 0000133a 00001339 00000000 00000001
  andi C_S16_MAX, 32767: 0000133a 00001339 00000000 00007fff
  andi C_S16_MIN, 32768: 0000133a 00001339 00000000 00008000
  andi C_S32_MAX, 32767: 0000133a 00001339 00000000 00007fff
  andi C_S32_MIN, 32768: 0000133a 00001339 00000000 00000000
  andi C_S64_MAX, 32767: 0000133a 00001339 00000000 00007fff
  andi C_S64_MIN, 32768: 0000133a 00001339 00000000 00000000
  andi C_GARBAGE1, 57005: 0000133a 00001339 00000000 00001225
  andi -> $0: 0000133a 00001339 00000000 00000000

daddu:
  daddu 0, 0: 0000133a 00001339 00000000 00000000
  daddu 0, 1: 0000133a 00001339 00000000 00000001
  daddu 1, 1: 0000133a 00001339 00000000 00000002
  daddu 1, 0: 0000133a 00001339 00000000 00000001
  daddu 2, 2: 0000133a 00001339 00000000 00000004
  daddu -1, 1: 0000133a 00001339 00000000 00000000
  daddu -1, -1: 0000133a 00001339 ffffffff fffffffe
  daddu C_ZERO, C_ZERO: 0000133a 00001339 00000000 00000000
  daddu C_ZERO, C_ONE: 0000133a 00001339 00000000 00000001
  daddu C_ONE, C_ZERO: 0000133a 00001339 00000000 00000001
  daddu C_ONE, C_ONE: 0000133a 00001339 00000000 00000002
  daddu C_ONE, C_NEGONE: 0000133a 00001339 00000000 00000000
  daddu C_S16_MAX, C_S16_MAX: 0000133a 00001339 00000000 0000fffe
  daddu C_S16_MIN, C_S16_MIN: 0000133a 00001339 ffffffff ffff0000
  daddu C_S32_MAX, C_S32_MAX: 0000133a 00001339 00000000 fffffffe
  daddu C_S32_MIN, C_S32_MIN: 0000133a 00001339 ffffffff 00000000
  daddu C_S64_MAX, C_S64_MAX: 0000133a 00001339 ffffffff fffffffe
  daddu C_S64_MIN, C_S64_MIN: 0000133a 00001339 00000000 00000000
  daddu C_GARBAGE1, C_GARBAGE2: 0000133a 00001339 deadd226 deadd226
  daddu -> $0: 0000133a 00001339 00000000 00000000

daddiu:
  daddiu 0, 0: 0000133a 00001339 00000000 00000000
  daddiu 0, 1: 0000133a 00001339 00000000 00000001
  daddiu 1, 1: 0000133a 00001339 00000000 00000002
  daddiu 1, 0: 0000133a 00001339 00000000 00000001
  daddiu 2, 2: 0000133a 00001339 00000000 00000004
  daddiu -1, 1: 0000133a 00001339 00000000 00000000
  daddiu -1, 65535: 0000133a 00001339 ffffffff fffffffe
  daddiu C_ZERO, 0: 0000133a 00001339 00000000 00000000
  daddiu C_ZERO, 1: 0000133a 00001339 00000000 00000001
  daddiu C_ONE, 0: 0000133a 00001339 00000000 00000001
  daddiu C_ONE, 1: 0000133a 00001339 00000000 00000002
  daddiu C_ONE, 65535: 0000133a 00001339 00000000 00000000
  daddiu C_S16_MAX, 32767: 0000133a 00001339 00000000 0000fffe
  daddiu C_S16_MIN, 32768: 0000133a 00001339 ffffffff ffff0000
  daddiu C_S32_MAX, 32767: 0000133a 00001339 00000000 80007ffe
  daddiu C_S32_MIN, 32768: 0000133a 00001339 ffffffff 7fff8000
  daddiu C_S64_MAX, 32767: 0000133a 00001339 80000000 00007ffe
  daddiu C_S64_MIN, 32768: 0000133a 00001339 7fffffff ffff8000
  daddiu C_GARBAGE1, 57005: 0000133a 00001339 00001337 fffff1e4
  daddiu -> $0: 0000133a 00001339 00000000 00000000

dsll:
  dsll 0, 0: 0000133a 00001339 00000000 00000000
  dsll 0, 1: 0000133a 00001339 00000000 00000000
  dsll 1, 1: 0000133a 00001339 00000000 00000002
  dsll 1, 0: 0000133a 00001339 00000000 00000001
  dsll 2, 2: 0000133a 00001339 00000000 00000008
  dsll -1, 1: 0000133a 00001339 ffffffff fffffffe
  dsll -1, 31: 0000133a 00001339 ffffffff 80000000
  dsll C_ZERO, 0: 0000133a 00001339 00000000 00000000
  dsll C_ZERO, 1: 0000133a 00001339 00000000 00000000
  dsll C_ONE, 0: 0000133a 00001339 00000000 00000001
  dsll C_ONE, 1: 0000133a 00001339 00000000 00000002
  dsll C_ONE, 2: 0000133a 00001339 00000000 00000004
  dsll C_ONE, 30: 0000133a 00001339 00000000 40000000
  dsll C_ONE, 31: 0000133a 00001339 00000000 80000000
  dsll C_S16_MAX, 3: 0000133a 00001339 00000000 0003fff8
  dsll C_S16_MIN, 3: 0000133a 00001339 ffffffff fffc0000
  dsll C_S32_MAX, 3: 0000133a 00001339 00000003 fffffff8
  dsll C_S32_MIN, 3: 0000133a 00001339 fffffffc 00000000
  dsll C_S64_MAX, 3: 0000133a 00001339 ffffffff fffffff8
  dsll C_S64_MIN, 3: 0000133a 00001339 00000000 00000000
  dsll C_GARBAGE1, 5: 0000133a 00001339 00026700 000266e0
  dsll -> $0: 0000133a 00001339 00000000 00000000

dsll32:
  dsll32 0, 0: 0000133a 00001339 00000000 00000000
  dsll32 0, 1: 0000133a 00001339 00000000 00000000
  dsll32 1, 1: 0000133a 00001339 00000002 00000000
  dsll32 1, 0: 0000133a 00001339 00000001 00000000
  dsll32 2, 2: 0000133a 00001339 00000008 00000000
  dsll32 -1, 1: 0000133a 00001339 fffffffe 00000000
  dsll32 -1, 31: 0000133a 00001339 80000000 00000000
  dsll32 C_ZERO, 0: 0000133a 00001339 00000000 00000000
  dsll32 C_ZERO, 1: 0000133a 00001339 00000000 00000000
  dsll32 C_ONE, 0: 0000133a 00001339 00000001 00000000
  dsll32 C_ONE, 1: 0000133a 00001339 00000002 00000000
  dsll32 C_ONE, 2: 0000133a 00001339 00000004 00000000
  dsll32 C_ONE, 30: 0000133a 00001339 40000000 00000000
  dsll32 C_ONE, 31: 0000133a 00001339 80000000 00000000
  dsll32 C_S16_MAX, 3: 0000133a 00001339 0003fff8 00000000
  dsll32 C_S16_MIN, 3: 0000133a 00001339 fffc0000 00000000
  dsll32 C_S32_MAX, 3: 0000133a 00001339 fffffff8 00000000
  dsll32 C_S32_MIN, 3: 0000133a 00001339 00000000 00000000
  dsll32 C_S64_MAX, 3: 0000133a 00001339 fffffff8 00000000
  dsll32 C_S64_MIN, 3: 0000133a 00001339 00000000 00000000
  dsll32 C_GARBAGE1, 5: 0000133a 00001339 000266e0 00000000
  dsll32 -> $0: 0000133a 00001339 00000000 00000000

dsllv:
  dsllv 0, 0: 0000133a 00001339 00000000 00000000
  dsllv 0, 1: 0000133a 00001339 00000000 00000000
  dsllv 1, 1: 0000133a 00001339 00000000 00000002
  dsllv 1, 0: 0000133a 00001339 00000000 00000001
  dsllv 2, 2: 0000133a 00001339 00000000 00000008
  dsllv -1, 1: 0000133a 00001339 ffffffff fffffffe
  dsllv -1, -1: 0000133a 00001339 80000000 00000000
  dsllv C_ZERO, C_ZERO: 0000133a 00001339 00000000 00000000
  dsllv C_ZERO, C_ONE: 0000133a 00001339 00000000 00000000
  dsllv C_ONE, C_ZERO: 0000133a 00001339 00000000 00000001
  dsllv C_ONE, C_ONE: 0000133a 00001339 00000000 00000002
  dsllv C_ONE, C_NEGONE: 0000133a 00001339 80000000 00000000
  dsllv C_S16_MAX, C_S16_MAX: 0000133a 00001339 80000000 00000000
  dsllv C_S16_MIN, C_S16_MIN: 0000133a 00001339 ffffffff ffff8000
  dsllv C_S32_MAX, C_S32_MAX: 0000133a 00001339 80000000 00000000
  dsllv C_S32_MIN, C_S32_MIN: 0000133a 00001339 ffffffff 80000000
  dsllv C_S64_MAX, C_S64_MAX: 0000133a 00001339 80000000 00000000
  dsllv C_S64_MIN, C_S64_MIN: 0000133a 00001339 80000000 00000000
  dsllv C_GARBAGE1, C_GARBAGE2: 0000133a 00001339 099b8000 00000000
  dsllv -> $0: 0000133a 00001339 00000000 00000000

dsra:
  dsra 0, 0: 0000133a 00001339 00000000 00000000
  dsra 0, 1: 0000133a 00001339 00000000 00000000
  dsra 1, 1: 0000133a 00001339 00000000 00000000
  dsra 1, 0: 0000133a 00001339 00000000 00000001
  dsra 2, 2: 0000133a 00001339 00000000 00000000
  dsra -1, 1: 0000133a 00001339 ffffffff ffffffff
  dsra -1, 31: 0000133a 00001339 ffffffff ffffffff
  dsra C_ZERO, 0: 0000133a 00001339 00000000 00000000
  dsra C_ZERO, 1: 0000133a 00001339 00000000 00000000
  dsra C_ONE, 0: 0000133a 00001339 00000000 00000001
  dsra C_ONE, 1: 0000133a 00001339 00000000 00000000
  dsra C_ONE, 2: 0000133a 00001339 00000000 00000000
  dsra C_ONE, 30: 0000133a 00001339 00000000 00000000
  dsra C_ONE, 31: 0000133a 00001339 00000000 00000000
  dsra C_S16_MAX, 3: 0000133a 00001339 00000000 00000fff
  dsra C_S16_MIN, 3: 0000133a 00001339 ffffffff fffff000
  dsra C_S32_MAX, 3: 0000133a 00001339 00000000 0fffffff
  dsra C_S32_MIN, 3: 0000133a 00001339 ffffffff f0000000
  dsra C_S64_MAX, 3: 0000133a 00001339 0fffffff ffffffff
  dsra C_S64_MIN, 3: 0000133a 00001339 f0000000 00000000
  dsra C_GARBAGE1, 5: 0000133a 00001339 00000099 c0000099
  dsra -> $0: 0000133a 00001339 00000000 00000000

dsra32:
  dsra32 0, 0: 0000133a 00001339 00000000 00000000
  dsra32 0, 1: 0000133a 00001339 00000000 00000000
  dsra32 1, 1: 0000133a 00001339 00000000 00000000
  dsra32 1, 0: 0000133a 00001339 00000000 00000000
  dsra32 2, 2: 0000133a 00001339 00000000 00000000
  dsra32 -1, 1: 0000133a 00001339 ffffffff ffffffff
  dsra32 -1, 31: 0000133a 00001339 ffffffff ffffffff
  dsra32 C_ZERO, 0: 0000133a 00001339 00000000 00000000
  dsra32 C_ZERO, 1: 0000133a 00001339 00000000 00000000
  dsra32 C_ONE, 0: 0000133a 00001339 00000000 00000000
  dsra32 C_ONE, 1: 0000133a 00001339 00000000 00000000
  dsra32 C_ONE, 2: 0000133a 00001339 00000000 00000000
  dsra32 C_ONE, 30: 0000133a 00001339 00000000 00000000
  dsra32 C_ONE, 31: 0000133a 00001339 00000000 00000000
  dsra32 C_S16_MAX, 3: 0000133a 00001339 00000000 00000000
  dsra32 C_S16_MIN, 3: 0000133a 00001339 ffffffff ffffffff
  dsra32 C_S32_MAX, 3: 0000133a 00001339 00000000 00000000
  dsra32 C_S32_MIN, 3: 0000133a 00001339 ffffffff ffffffff
  dsra32 C_S64_MAX, 3: 0000133a 00001339 00000000 0fffffff
  dsra32 C_S64_MIN, 3: 0000133a 00001339 ffffffff f0000000
  dsra32 C_GARBAGE1, 5: 0000133a 00001339 00000000 00000099
  dsra32 -> $0: 0000133a 00001339 00000000 00000000

dsrav:
  dsrav 0, 0: 0000133a 00001339 00000000 00000000
  dsrav 0, 1: 0000133a 00001339 00000000 00000000
  dsrav 1, 1: 0000133a 00001339 00000000 00000000
  dsrav 1, 0: 0000133a 00001339 00000000 00000001
  dsrav 2, 2: 0000133a 00001339 00000000 00000000
  dsrav -1, 1: 0000133a 00001339 ffffffff ffffffff
  dsrav -1, -1: 0000133a 00001339 ffffffff ffffffff
  dsrav C_ZERO, C_ZERO: 0000133a 00001339 00000000 00000000
  dsrav C_ZERO, C_ONE: 0000133a 00001339 00000000 00000000
  dsrav C_ONE, C_ZERO: 0000133a 00001339 00000000 00000001
  dsrav C_ONE, C_ONE: 0000133a 00001339 00000000 00000000
  dsrav C_ONE, C_NEGONE: 0000133a 00001339 00000000 00000000
  dsrav C_S16_MAX, C_S16_MAX: 0000133a 00001339 00000000 00000000
  dsrav C_S16_MIN, C_S16_MIN: 0000133a 00001339 ffffffff ffff8000
  dsrav C_S32_MAX, C_S32_MAX: 0000133a 00001339 00000000 00000000
  dsrav C_S32_MIN, C_S32_MIN: 0000133a 00001339 ffffffff 80000000
  dsrav C_S64_MAX, C_S64_MAX: 0000133a 00001339 00000000 00000000
  dsrav C_S64_MIN, C_S64_MIN: 0000133a 00001339 80000000 00000000
  dsrav C_GARBAGE1, C_GARBAGE2: 0000133a 00001339 00000000 00000000
  dsrav -> $0: 0000133a 00001339 00000000 00000000

dsrl:
  dsrl 0, 0: 0000133a 00001339 00000000 00000000
  dsrl 0, 1: 0000133a 00001339 00000000 00000000
  dsrl 1, 1: 0000133a 00001339 00000000 00000000
  dsrl 1, 0: 0000133a 00001339 00000000 00000001
  dsrl 2, 2: 0000133a 00001339 00000000 00000000
  dsrl -1, 1: 0000133a 00001339 7fffffff ffffffff
  dsrl -1, 31: 0000133a 00001339 00000001 ffffffff
  dsrl C_ZERO, 0: 0000133a 00001339 00000000 00000000
  dsrl C_ZERO, 1: 0000133a 00001339 00000000 00000000
  dsrl C_ONE, 0: 0000133a 00001339 00000000 00000001
  dsrl C_ONE, 1: 0000133a 00001339 00000000 00000000
  dsrl C_ONE, 2: 0000133a 00001339 00000000 00000000
  dsrl C_ONE, 30: 0000133a 00001339 00000000 00000000
  dsrl C_ONE, 31: 0000133a 00001339 00000000 00000000
  dsrl C_S16_MAX, 3: 0000133a 00001339 00000000 00000fff
  dsrl C_S16_MIN, 3: 0000133a 00001339 1fffffff fffff000
  dsrl C_S32_MAX, 3: 0000133a 00001339 00000000 0fffffff
  dsrl C_S32_MIN, 3: 0000133a 00001339 1fffffff f0000000
  dsrl C_S64_MAX, 3: 0000133a 00001339 0fffffff ffffffff
  dsrl C_S64_MIN, 3: 0000133a 00001339 10000000 00000000
  dsrl C_GARBAGE1, 5: 0000133a 00001339 00000099 c0000099
  dsrl -> $0: 0000133a 00001339 00000000 00000000

dsrl32:
  dsrl32 0, 0: 0000133a 00001339 00000000 00000000
  dsrl32 0, 1: 0000133a 00001339 00000000 00000000
  dsrl32 1, 1: 0000133a 00001339 00000000 00000000
  dsrl32 1, 0: 0000133a 00001339 00000000 00000000
  dsrl32 2, 2: 0000133a 00001339 00000000 00000000
  dsrl32 -1, 1: 0000133a 00001339 00000000 7fffffff
  dsrl32 -1, 31: 0000133a 00001339 00000000 00000001
  dsrl32 C_ZERO, 0: 0000133a 00001339 00000000 00000000
  dsrl32 C_ZERO, 1: 0000133a 00001339 00000000 00000000
  dsrl32 C_ONE, 0: 0000133a 00001339 00000000 00000000
  dsrl32 C_ONE, 1: 0000133a 00001339 00000000 00000000
  dsrl32 C_ONE, 2: 0000133a 00001339 00000000 00000000
  dsrl32 C_ONE, 30: 0000133a 00001339 00000000 00000000
  dsrl32 C_ONE, 31: 0000133a 00001339 00000000 00000000
  dsrl32 C_S16_MAX, 3: 0000133a 00001339 00000000 00000000
  dsrl32 C_S16_MIN, 3: 0000133a 00001339 00000000 1fffffff
  dsrl32 C_S32_MAX, 3: 0000133a 00001339 00000000 00000000
  dsrl32 C_S32_MIN, 3: 0000133a 00001339 00000000 1fffffff
  dsrl32 C_S64_MAX, 3: 0000133a 00001339 00000000 0fffffff
  dsrl32 C_S64_MIN, 3: 0000133a 00001339 00000000 10000000
  dsrl32 C_GARBAGE1, 5: 0000133a 00001339 00000000 00000099
  dsrl32 -> $0: 0000133a 00001339 00000000 00000000

dsrlv:
  dsrlv 0, 0: 0000133a 00001339 00000000 00000000
  dsrlv 0, 1: 0000133a 00001339 00000000 00000000
  dsrlv 1, 1: 0000133a 00001339 00000000 00000000
  dsrlv 1, 0: 0000133a 00001339 00000000 00000001
  dsrlv 2, 2: 0000133a 00001339 00000000 00000000
  dsrlv -1, 1: 0000133a 00001339 7fffffff ffffffff
  dsrlv -1, -1: 0000133a 00001339 00000000 00000001
  dsrlv C_ZERO, C_ZERO: 0000133a 00001339 00000000 00000000
  dsrlv C_ZERO, C_ONE: 0000133a 00001339 00000000 00000000
  dsrlv C_ONE, C_ZERO: 0000133a 00001339 00000000 00000001
  dsrlv C_ONE, C_ONE: 0000133a 00001339 00000000 00000000
  dsrlv C_ONE, C_NEGONE: 0000133a 00001339 00000000 00000000
  dsrlv C_S16_MAX, C_S16_MAX: 0000133a 00001339 00000000 00000000
  dsrlv C_S16_MIN, C_S16_MIN: 0000133a 00001339 ffffffff ffff8000
  dsrlv C_S32_MAX, C_S32_MAX: 0000133a 00001339 00000000 00000000
  dsrlv C_S32_MIN, C_S32_MIN: 0000133a 00001339 ffffffff 80000000
  dsrlv C_S64_MAX, C_S64_MAX: 0000133a 00001339 00000000 00000000
  dsrlv C_S64_MIN, C_S64_MIN: 0000133a 00001339 80000000 00000000
  dsrlv C_GARBAGE1, C_GARBAGE2: 0000133a 00001339 00000000 00000000
  dsrlv -> $0: 0000133a 00001339 00000000 00000000

dsubu:
  dsubu 0, 0: 0000133a 00001339 00000000 00000000
  dsubu 0, 1: 0000133a 00001339 ffffffff ffffffff
  dsubu 1, 1: 0000133a 00001339 00000000 00000000
  dsubu 1, 0: 0000133a 00001339 00000000 00000001
  dsubu 2, 2: 0000133a 00001339 00000000 00000000
  dsubu -1, 1: 0000133a 00001339 ffffffff fffffffe
  dsubu -1, -1: 0000133a 00001339 00000000 00000000
  dsubu C_ZERO, C_ZERO: 0000133a 00001339 00000000 00000000
  dsubu C_ZERO, C_ONE: 0000133a 00001339 ffffffff ffffffff
  dsubu C_ONE, C_ZERO: 0000133a 00001339 00000000 00000001
  dsubu C_ONE, C_ONE: 0000133a 00001339 00000000 00000000
  dsubu C_ONE, C_NEGONE: 0000133a 00001339 00000000 00000002
  dsubu C_S16_MAX, C_S16_MAX: 0000133a 00001339 00000000 00000000
  dsubu C_S16_MIN, C_S16_MIN: 0000133a 00001339 00000000 00000000
  dsubu C_S32_MAX, C_S32_MAX: 0000133a 00001339 00000000 00000000
  dsubu C_S32_MIN, C_S32_MIN: 0000133a 00001339 00000000 00000000
  dsubu C_S64_MAX, C_S64_MAX: 0000133a 00001339 00000000 00000000
  dsubu C_S64_MIN, C_S64_MIN: 0000133a 00001339 00000000 00000000
  dsubu C_GARBAGE1, C_GARBAGE2: 0000133a 00001339 21525449 21525448
  dsubu -> $0: 0000133a 00001339 00000000 00000000

lui:
  lui 0: 0000133a 00001339 00000000 00000000
  lui 1: 0000133a 00001339 00000000 00010000
  lui 2: 0000133a 00001339 00000000 00020000
  lui 65535: 0000133a 00001339 ffffffff ffff0000
  lui 32767: 0000133a 00001339 00000000 7fff0000
  lui 32768: 0000133a 00001339 ffffffff 80000000
  lui 0: 0000133a 00001339 00000000 00000000
  lui 1: 0000133a 00001339 00000000 00010000
  lui 65535: 0000133a 00001339 ffffffff ffff0000
  lui 32767: 0000133a 00001339 00000000 7fff0000
  lui 32768: 0000133a 00001339 ffffffff 80000000
  lui 57005: 0000133a 00001339 ffffffff dead0000
  lui -> $0: 0000133a 00001339 00000000 00000000

movn:
  movn 0, 0: 0000133a 00001339 00000000 00001337
  movn 0, 1: 0000133a 00001339 00000000 00000000
  movn 1, 1: 0000133a 00001339 00000000 00000001
  movn 1, 0: 0000133a 00001339 00000000 00001337
  movn 2, 2: 0000133a 00001339 00000000 00000002
  movn -1, 1: 0000133a 00001339 ffffffff ffffffff
  movn -1, -1: 0000133a 00001339 ffffffff ffffffff
  movn C_ZERO, C_ZERO: 0000133a 00001339 00001338 00001337
  movn C_ZERO, C_ONE: 0000133a 00001339 00000000 00000000
  movn C_ONE, C_ZERO: 0000133a 00001339 00001338 00001337
  movn C_ONE, C_ONE: 0000133a 00001339 00000000 00000001
  movn C_ONE, C_NEGONE: 0000133a 00001339 00000000 00000001
  movn C_S16_MAX, C_S16_MAX: 0000133a 00001339 00000000 00007fff
  movn C_S16_MIN, C_S16_MIN: 0000133a 00001339 ffffffff ffff8000
  movn C_S32_MAX, C_S32_MAX: 0000133a 00001339 00000000 7fffffff
  movn C_S32_MIN, C_S32_MIN: 0000133a 00001339 ffffffff 80000000
  movn C_S64_MAX, C_S64_MAX: 0000133a 00001339 7fffffff ffffffff
  movn C_S64_MIN, C_S64_MIN: 0000133a 00001339 80000000 00000000
  movn C_GARBAGE1, C_GARBAGE2: 0000133a 00001339 00001338 00001337
  movn -> $0: 0000133a 00001339 00000000 00000000

movz:
  movz 0, 0: 0000133a 00001339 00000000 00000000
  movz 0, 1: 0000133a 00001339 00000000 00001337
  movz 1, 1: 0000133a 00001339 00000000 00001337
  movz 1, 0: 0000133a 00001339 00000000 00000001
  movz 2, 2: 0000133a 00001339 00000000 00001337
  movz -1, 1: 0000133a 00001339 00000000 00001337
  movz -1, -1: 0000133a 00001339 00000000 00001337
  movz C_ZERO, C_ZERO: 0000133a 00001339 00000000 00000000
  movz C_ZERO, C_ONE: 0000133a 00001339 00001338 00001337
  movz C_ONE, C_ZERO: 0000133a 00001339 00000000 00000001
  movz C_ONE, C_ONE: 0000133a 00001339 00001338 00001337
  movz C_ONE, C_NEGONE: 0000133a 00001339 00001338 00001337
  movz C_S16_MAX, C_S16_MAX: 0000133a 00001339 00001338 00001337
  movz C_S16_MIN, C_S16_MIN: 0000133a 00001339 00001338 00001337
  movz C_S32_MAX, C_S32_MAX: 0000133a 00001339 00001338 00001337
  movz C_S32_MIN, C_S32_MIN: 0000133a 00001339 00001338 00001337
  movz C_S64_MAX, C_S64_MAX: 0000133a 00001339 00001338 00001337
  movz C_S64_MIN, C_S64_MIN: 0000133a 00001339 00001338 00001337
  movz C_GARBAGE1, C_GARBAGE2: 0000133a 00001339 00001338 00001337
  movz -> $0: 0000133a 00001339 00000000 00000000

nor:
  nor 0, 0: 0000133a 00001339 ffffffff ffffffff
  nor 0, 1: 0000133a 00001339 ffffffff fffffffe
  nor 1, 1: 0000133a 00001339 ffffffff fffffffe
  nor 1, 0: 0000133a 00001339 ffffffff fffffffe
  nor 2, 2: 0000133a 00001339 ffffffff fffffffd
  nor -1, 1: 0000133a 00001339 00000000 00000000
  nor -1, -1: 0000133a 00001339 00000000 00000000
  nor C_ZERO, C_ZERO: 0000133a 00001339 ffffffff ffffffff
  nor C_ZERO, C_ONE: 0000133a 00001339 ffffffff fffffffe
  nor C_ONE, C_ZERO: 0000133a 00001339 ffffffff fffffffe
  nor C_ONE, C_ONE: 0000133a 00001339 ffffffff fffffffe
  nor C_ONE, C_NEGONE: 0000133a 00001339 00000000 00000000
  nor C_S16_MAX, C_S16_MAX: 0000133a 00001339 ffffffff ffff8000
  nor C_S16_MIN, C_S16_MIN: 0000133a 00001339 00000000 00007fff
  nor C_S32_MAX, C_S32_MAX: 0000133a 00001339 ffffffff 80000000
  nor C_S32_MIN, C_S32_MIN: 0000133a 00001339 00000000 7fffffff
  nor C_S64_MAX, C_S64_MAX: 0000133a 00001339 80000000 00000000
  nor C_S64_MIN, C_S64_MIN: 0000133a 00001339 7fffffff ffffffff
  nor C_GARBAGE1, C_GARBAGE2: 0000133a 00001339 21524001 21524000
  nor -> $0: 0000133a 00001339 00000000 00000000

or:
  or 0, 0: 0000133a 00001339 00000000 00000000
  or 0, 1: 0000133a 00001339 00000000 00000001
  or 1, 1: 0000133a 00001339 00000000 00000001
  or 1, 0: 0000133a 00001339 00000000 00000001
  or 2, 2: 0000133a 00001339 00000000 00000002
  or -1, 1: 0000133a 00001339 ffffffff ffffffff
  or -1, -1: 0000133a 00001339 ffffffff ffffffff
  or C_ZERO, C_ZERO: 0000133a 00001339 00000000 00000000
  or C_ZERO, C_ONE: 0000133a 00001339 00000000 00000001
  or C_ONE, C_ZERO: 0000133a 00001339 00000000 00000001
  or C_ONE, C_ONE: 0000133a 00001339 00000000 00000001
  or C_ONE, C_NEGONE: 0000133a 00001339 ffffffff ffffffff
  or C_S16_MAX, C_S16_MAX: 0000133a 00001339 00000000 00007fff
  or C_S16_MIN, C_S16_MIN: 0000133a 00001339 ffffffff ffff8000
  or C_S32_MAX, C_S32_MAX: 0000133a 00001339 00000000 7fffffff
  or C_S32_MIN, C_S32_MIN: 0000133a 00001339 ffffffff 80000000
  or C_S64_MAX, C_S64_MAX: 0000133a 00001339 7fffffff ffffffff
  or C_S64_MIN, C_S64_MIN: 0000133a 00001339 80000000 00000000
  or C_GARBAGE1, C_GARBAGE2: 0000133a 00001339 deadbffe deadbfff
  or -> $0: 0000133a 00001339 00000000 00000000

ori:
  ori 0, 0: 0000133a 00001339 00000000 00000000
  ori 0, 1: 0000133a 00001339 00000000 00000001
  ori 1, 1: 0000133a 00001339 00000000 00000001
  ori 1, 0: 0000133a 00001339 00000000 00000001
  ori 2, 2: 0000133a 00001339 00000000 00000002
  ori -1, 1: 0000133a 00001339 ffffffff ffffffff
  ori -1, 65535: 0000133a 00001339 ffffffff ffffffff
  ori C_ZERO, 0: 0000133a 00001339 00000000 00000000
  ori C_ZERO, 1: 0000133a 00001339 00000000 00000001
  ori C_ONE, 0: 0000133a 00001339 00000000 00000001
  ori C_ONE, 1: 0000133a 00001339 00000000 00000001
  ori C_ONE, 65535: 0000133a 00001339 00000000 0000ffff
  ori C_S16_MAX, 32767: 0000133a 00001339 00000000 00007fff
  ori C_S16_MIN, 32768: 0000133a 00001339 ffffffff ffff8000
  ori C_S32_MAX, 32767: 0000133a 00001339 00000000 7fffffff
  ori C_S32_MIN, 32768: 0000133a 00001339 ffffffff 80008000
  ori C_S64_MAX, 32767: 0000133a 00001339 7fffffff ffffffff
  ori C_S64_MIN, 32768: 0000133a 00001339 80000000 00008000
  ori C_GARBAGE1, 57005: 0000133a 00001339 00001338 0000dfbf
  ori -> $0: 0000133a 00001339 00000000 00000000

sll:
  sll 0, 0: 0000133a 00001339 00000000 00000000
  sll 0, 1: 0000133a 00001339 00000000 00000000
  sll 1, 1: 0000133a 00001339 00000000 00000002
  sll 1, 0: 0000133a 00001339 00000000 00000001
  sll 2, 2: 0000133a 00001339 00000000 00000008
  sll -1, 1: 0000133a 00001339 ffffffff fffffffe
  sll -1, 31: 0000133a 00001339 ffffffff 80000000
  sll C_ZERO, 0: 0000133a 00001339 00000000 00000000
  sll C_ZERO, 1: 0000133a 00001339 00000000 00000000
  sll C_ONE, 0: 0000133a 00001339 00000000 00000001
  sll C_ONE, 1: 0000133a 00001339 00000000 00000002
  sll C_ONE, 2: 0000133a 00001339 00000000 00000004
  sll C_ONE, 30: 0000133a 00001339 00000000 40000000
  sll C_ONE, 31: 0000133a 00001339 ffffffff 80000000
  sll C_S16_MAX, 3: 0000133a 00001339 00000000 0003fff8
  sll C_S16_MIN, 3: 0000133a 00001339 ffffffff fffc0000
  sll C_S32_MAX, 3: 0000133a 00001339 ffffffff fffffff8
  sll C_S32_MIN, 3: 0000133a 00001339 00000000 00000000
  sll C_S64_MAX, 3: 0000133a 00001339 ffffffff fffffff8
  sll C_S64_MIN, 3: 0000133a 00001339 00000000 00000000
  sll C_GARBAGE1, 5: 0000133a 00001339 00000000 000266e0
  sll -> $0: 0000133a 00001339 00000000 00000000

sllv:
  sllv 0, 0: 0000133a 00001339 00000000 00000000
  sllv 0, 1: 0000133a 00001339 00000000 00000000
  sllv 1, 1: 0000133a 00001339 00000000 00000002
  sllv 1, 0: 0000133a 00001339 00000000 00000001
  sllv 2, 2: 0000133a 00001339 00000000 00000008
  sllv -1, 1: 0000133a 00001339 ffffffff fffffffe
  sllv -1, -1: 0000133a 00001339 ffffffff 80000000
  sllv C_ZERO, C_ZERO: 0000133a 00001339 00000000 00000000
  sllv C_ZERO, C_ONE: 0000133a 00001339 00000000 00000000
  sllv C_ONE, C_ZERO: 0000133a 00001339 00000000 00000001
  sllv C_ONE, C_ONE: 0000133a 00001339 00000000 00000002
  sllv C_ONE, C_NEGONE: 0000133a 00001339 ffffffff 80000000
  sllv C_S16_MAX, C_S16_MAX: 0000133a 00001339 ffffffff 80000000
  sllv C_S16_MIN, C_S16_MIN: 0000133a 00001339 ffffffff ffff8000
  sllv C_S32_MAX, C_S32_MAX: 0000133a 00001339 ffffffff 80000000
  sllv C_S32_MIN, C_S32_MIN: 0000133a 00001339 ffffffff 80000000
  sllv C_S64_MAX, C_S64_MAX: 0000133a 00001339 ffffffff 80000000
  sllv C_S64_MIN, C_S64_MIN: 0000133a 00001339 00000000 00000000
  sllv C_GARBAGE1, C_GARBAGE2: 0000133a 00001339 00000000 099b8000
  sllv -> $0: 0000133a 00001339 00000000 00000000

slt:
  slt 0, 0: 0000133a 00001339 00000000 00000000
  slt 0, 1: 0000133a 00001339 00000000 00000001
  slt 1, 1: 0000133a 00001339 00000000 00000000
  slt 1, 0: 0000133a 00001339 00000000 00000000
  slt 2, 2: 0000133a 00001339 00000000 00000000
  slt -1, 1: 0000133a 00001339 00000000 00000001
  slt -1, -1: 0000133a 00001339 00000000 00000000
  slt C_ZERO, C_ZERO: 0000133a 00001339 00000000 00000000
  slt C_ZERO, C_ONE: 0000133a 00001339 00000000 00000001
  slt C_ONE, C_ZERO: 0000133a 00001339 00000000 00000000
  slt C_ONE, C_ONE: 0000133a 00001339 00000000 00000000
  slt C_ONE, C_NEGONE: 0000133a 00001339 00000000 00000000
  slt C_S16_MAX, C_S16_MAX: 0000133a 00001339 00000000 00000000
  slt C_S16_MIN, C_S16_MIN: 0000133a 00001339 00000000 00000000
  slt C_S32_MAX, C_S32_MAX: 0000133a 00001339 00000000 00000000
  slt C_S32_MIN, C_S32_MIN: 0000133a 00001339 00000000 00000000
  slt C_S64_MAX, C_S64_MAX: 0000133a 00001339 00000000 00000000
  slt C_S64_MIN, C_S64_MIN: 0000133a 00001339 00000000 00000000
  slt C_GARBAGE1, C_GARBAGE2: 0000133a 00001339 00000000 00000000
  slt -> $0: 0000133a 00001339 00000000 00000000

slti:
  slti 0, 0: 0000133a 00001339 00000000 00000000
  slti 0, 1: 0000133a 00001339 00000000 00000001
  slti 1, 1: 0000133a 00001339 00000000 00000000
  slti 1, 0: 0000133a 00001339 00000000 00000000
  slti 2, 2: 0000133a 00001339 00000000 00000000
  slti -1, 1: 0000133a 00001339 00000000 00000001
  slti -1, 31: 0000133a 00001339 00000000 00000001
  slti C_ZERO, 0: 0000133a 00001339 00000000 00000000
  slti C_ZERO, 1: 0000133a 00001339 00000000 00000001
  slti C_ONE, 0: 0000133a 00001339 00000000 00000000
  slti C_ONE, 1: 0000133a 00001339 00000000 00000000
  slti C_ONE, 2: 0000133a 00001339 00000000 00000001
  slti C_ONE, 30: 0000133a 00001339 00000000 00000001
  slti C_ONE, 31: 0000133a 00001339 00000000 00000001
  slti C_S16_MAX, 3: 0000133a 00001339 00000000 00000000
  slti C_S16_MIN, 3: 0000133a 00001339 00000000 00000001
  slti C_S32_MAX, 3: 0000133a 00001339 00000000 00000000
  slti C_S32_MIN, 3: 0000133a 00001339 00000000 00000001
  slti C_S64_MAX, 3: 0000133a 00001339 00000000 00000000
  slti C_S64_MIN, 3: 0000133a 00001339 00000000 00000001
  slti C_GARBAGE1, 5: 0000133a 00001339 00000000 00000000
  slti -> $0: 0000133a 00001339 00000000 00000000

sltiu:
  sltiu 0, 0: 0000133a 00001339 00000000 00000000
  sltiu 0, 1: 0000133a 00001339 00000000 00000001
  sltiu 1, 1: 0000133a 00001339 00000000 00000000
  sltiu 1, 0: 0000133a 00001339 00000000 00000000
  sltiu 2, 2: 0000133a 00001339 00000000 00000000
  sltiu -1, 1: 0000133a 00001339 00000000 00000000
  sltiu -1, 31: 0000133a 00001339 00000000 00000000
  sltiu C_ZERO, 0: 0000133a 00001339 00000000 00000000
  sltiu C_ZERO, 1: 0000133a 00001339 00000000 00000001
  sltiu C_ONE, 0: 0000133a 00001339 00000000 00000000
  sltiu C_ONE, 1: 0000133a 00001339 00000000 00000000
  sltiu C_ONE, 2: 0000133a 00001339 00000000 00000001
  sltiu C_ONE, 30: 0000133a 00001339 00000000 00000001
  sltiu C_ONE, 31: 0000133a 00001339 00000000 00000001
  sltiu C_S16_MAX, 3: 0000133a 00001339 00000000 00000000
  sltiu C_S16_MIN, 3: 0000133a 00001339 00000000 00000000
  sltiu C_S32_MAX, 3: 0000133a 00001339 00000000 00000000
  sltiu C_S32_MIN, 3: 0000133a 00001339 00000000 00000000
  sltiu C_S64_MAX, 3: 0000133a 00001339 00000000 00000000
  sltiu C_S64_MIN, 3: 0000133a 00001339 00000000 00000000
  sltiu C_GARBAGE1, 5: 0000133a 00001339 00000000 00000000
  sltiu -> $0: 0000133a 00001339 00000000 00000000

sltu:
  sltu 0, 0: 0000133a 00001339 00000000 00000000
  sltu 0, 1: 0000133a 00001339 00000000 00000001
  sltu 1, 1: 0000133a 00001339 00000000 00000000
  sltu 1, 0: 0000133a 00001339 00000000 00000000
  sltu 2, 2: 0000133a 00001339 00000000 00000000
  sltu -1, 1: 0000133a 00001339 00000000 00000000
  sltu -1, -1: 0000133a 00001339 00000000 00000000
  sltu C_ZERO, C_ZERO: 0000133a 00001339 00000000 00000000
  sltu C_ZERO, C_ONE: 0000133a 00001339 00000000 00000001
  sltu C_ONE, C_ZERO: 0000133a 00001339 00000000 00000000
  sltu C_ONE, C_ONE: 0000133a 00001339 00000000 00000000
  sltu C_ONE, C_NEGONE: 0000133a 00001339 00000000 00000001
  sltu C_S16_MAX, C_S16_MAX: 0000133a 00001339 00000000 00000000
  sltu C_S16_MIN, C_S16_MIN: 0000133a 00001339 00000000 00000000
  sltu C_S32_MAX, C_S32_MAX: 0000133a 00001339 00000000 00000000
  sltu C_S32_MIN, C_S32_MIN: 0000133a 00001339 00000000 00000000
  sltu C_S64_MAX, C_S64_MAX: 0000133a 00001339 00000000 00000000
  sltu C_S64_MIN, C_S64_MIN: 0000133a 00001339 00000000 00000000
  sltu C_GARBAGE1, C_GARBAGE2: 0000133a 00001339 00000000 00000001
  sltu -> $0: 0000133a 00001339 00000000 00000000

sra:
  sra 0, 0: 0000133a 00001339 00000000 00000000
  sra 0, 1: 0000133a 00001339 00000000 00000000
  sra 1, 1: 0000133a 00001339 00000000 00000000
  sra 1, 0: 0000133a 00001339 00000000 00000001
  sra 2, 2: 0000133a 00001339 00000000 00000000
  sra -1, 1: 0000133a 00001339 ffffffff ffffffff
  sra -1, 31: 0000133a 00001339 ffffffff ffffffff
  sra C_ZERO, 0: 0000133a 00001339 00000000 00000000
  sra C_ZERO, 1: 0000133a 00001339 00000000 00000000
  sra C_ONE, 0: 0000133a 00001339 00000000 00000001
  sra C_ONE, 1: 0000133a 00001339 00000000 00000000
  sra C_ONE, 2: 0000133a 00001339 00000000 00000000
  sra C_ONE, 30: 0000133a 00001339 00000000 00000000
  sra C_ONE, 31: 0000133a 00001339 00000000 00000000
  sra C_S16_MAX, 3: 0000133a 00001339 00000000 00000fff
  sra C_S16_MIN, 3: 0000133a 00001339 ffffffff fffff000
  sra C_S32_MAX, 3: 0000133a 00001339 00000000 0fffffff
  sra C_S32_MIN, 3: 0000133a 00001339 ffffffff f0000000
  sra C_S64_MAX, 3: 0000133a 00001339 ffffffff ffffffff
  sra C_S64_MIN, 3: 0000133a 00001339 00000000 00000000
  sra C_GARBAGE1, 5: 0000133a 00001339 00000000 00000099
  sra -> $0: 0000133a 00001339 00000000 00000000

srav:
  srav 0, 0: 0000133a 00001339 00000000 00000000
  srav 0, 1: 0000133a 00001339 00000000 00000000
  srav 1, 1: 0000133a 00001339 00000000 00000000
  srav 1, 0: 0000133a 00001339 00000000 00000001
  srav 2, 2: 0000133a 00001339 00000000 00000000
  srav -1, 1: 0000133a 00001339 ffffffff ffffffff
  srav -1, -1: 0000133a 00001339 ffffffff ffffffff
  srav C_ZERO, C_ZERO: 0000133a 00001339 00000000 00000000
  srav C_ZERO, C_ONE: 0000133a 00001339 00000000 00000000
  srav C_ONE, C_ZERO: 0000133a 00001339 00000000 00000001
  srav C_ONE, C_ONE: 0000133a 00001339 00000000 00000000
  srav C_ONE, C_NEGONE: 0000133a 00001339 00000000 00000000
  srav C_S16_MAX, C_S16_MAX: 0000133a 00001339 00000000 00000000
  srav C_S16_MIN, C_S16_MIN: 0000133a 00001339 ffffffff ffff8000
  srav C_S32_MAX, C_S32_MAX: 0000133a 00001339 00000000 00000000
  srav C_S32_MIN, C_S32_MIN: 0000133a 00001339 ffffffff 80000000
  srav C_S64_MAX, C_S64_MAX: 0000133a 00001339 ffffffff ffffffff
  srav C_S64_MIN, C_S64_MIN: 0000133a 00001339 00000000 00000000
  srav C_GARBAGE1, C_GARBAGE2: 0000133a 00001339 00000000 00000000
  srav -> $0: 0000133a 00001339 00000000 00000000

srl:
  srl 0, 0: 0000133a 00001339 00000000 00000000
  srl 0, 1: 0000133a 00001339 00000000 00000000
  srl 1, 1: 0000133a 00001339 00000000 00000000
  srl 1, 0: 0000133a 00001339 00000000 00000001
  srl 2, 2: 0000133a 00001339 00000000 00000000
  srl -1, 1: 0000133a 00001339 00000000 7fffffff
  srl -1, 31: 0000133a 00001339 00000000 00000001
  srl C_ZERO, 0: 0000133a 00001339 00000000 00000000
  srl C_ZERO, 1: 0000133a 00001339 00000000 00000000
  srl C_ONE, 0: 0000133a 00001339 00000000 00000001
  srl C_ONE, 1: 0000133a 00001339 00000000 00000000
  srl C_ONE, 2: 0000133a 00001339 00000000 00000000
  srl C_ONE, 30: 0000133a 00001339 00000000 00000000
  srl C_ONE, 31: 0000133a 00001339 00000000 00000000
  srl C_S16_MAX, 3: 0000133a 00001339 00000000 00000fff
  srl C_S16_MIN, 3: 0000133a 00001339 00000000 1ffff000
  srl C_S32_MAX, 3: 0000133a 00001339 00000000 0fffffff
  srl C_S32_MIN, 3: 0000133a 00001339 00000000 10000000
  srl C_S64_MAX, 3: 0000133a 00001339 00000000 1fffffff
  srl C_S64_MIN, 3: 0000133a 00001339 00000000 00000000
  srl C_GARBAGE1, 5: 0000133a 00001339 00000000 00000099
  srl -> $0: 0000133a 00001339 00000000 00000000

srlv:
  srlv 0, 0: 0000133a 00001339 00000000 00000000
  srlv 0, 1: 0000133a 00001339 00000000 00000000
  srlv 1, 1: 0000133a 00001339 00000000 00000000
  srlv 1, 0: 0000133a 00001339 00000000 00000001
  srlv 2, 2: 0000133a 00001339 00000000 00000000
  srlv -1, 1: 0000133a 00001339 00000000 7fffffff
  srlv -1, -1: 0000133a 00001339 00000000 00000001
  srlv C_ZERO, C_ZERO: 0000133a 00001339 00000000 00000000
  srlv C_ZERO, C_ONE: 0000133a 00001339 00000000 00000000
  srlv C_ONE, C_ZERO: 0000133a 00001339 00000000 00000001
  srlv C_ONE, C_ONE: 0000133a 00001339 00000000 00000000
  srlv C_ONE, C_NEGONE: 0000133a 00001339 00000000 00000000
  srlv C_S16_MAX, C_S16_MAX: 0000133a 00001339 00000000 00000000
  srlv C_S16_MIN, C_S16_MIN: 0000133a 00001339 ffffffff ffff8000
  srlv C_S32_MAX, C_S32_MAX: 0000133a 00001339 00000000 00000000
  srlv C_S32_MIN, C_S32_MIN: 0000133a 00001339 ffffffff 80000000
  srlv C_S64_MAX, C_S64_MAX: 0000133a 00001339 00000000 00000001
  srlv C_S64_MIN, C_S64_MIN: 0000133a 00001339 00000000 00000000
  srlv C_GARBAGE1, C_GARBAGE2: 0000133a 00001339 00000000 00000000
  srlv -> $0: 0000133a 00001339 00000000 00000000

subu:
  subu 0, 0: 0000133a 00001339 00000000 00000000
  subu 0, 1: 0000133a 00001339 ffffffff ffffffff
  subu 1, 1: 0000133a 00001339 00000000 00000000
  subu 1, 0: 0000133a 00001339 00000000 00000001
  subu 2, 2: 0000133a 00001339 00000000 00000000
  subu -1, 1: 0000133a 00001339 ffffffff fffffffe
  subu -1, -1: 0000133a 00001339 00000000 00000000
  subu C_ZERO, C_ZERO: 0000133a 00001339 00000000 00000000
  subu C_ZERO, C_ONE: 0000133a 00001339 ffffffff ffffffff
  subu C_ONE, C_ZERO: 0000133a 00001339 00000000 00000001
  subu C_ONE, C_ONE: 0000133a 00001339 00000000 00000000
  subu C_ONE, C_NEGONE: 0000133a 00001339 00000000 00000002
  subu C_S16_MAX, C_S16_MAX: 0000133a 00001339 00000000 00000000
  subu C_S16_MIN, C_S16_MIN: 0000133a 00001339 00000000 00000000
  subu C_S32_MAX, C_S32_MAX: 0000133a 00001339 00000000 00000000
  subu C_S32_MIN, C_S32_MIN: 0000133a 00001339 00000000 00000000
  subu C_S64_MAX, C_S64_MAX: 0000133a 00001339 00000000 00000000
  subu C_S64_MIN, C_S64_MIN: 0000133a 00001339 00000000 00000000
  subu C_GARBAGE1, C_GARBAGE2: 0000133a 00001339 00000000 21525448
  subu -> $0: 0000133a 00001339 00000000 00000000

xor:
  xor 0, 0: 0000133a 00001339 00000000 00000000
  xor 0, 1: 0000133a 00001339 00000000 00000001
  xor 1, 1: 0000133a 00001339 00000000 00000000
  xor 1, 0: 0000133a 00001339 00000000 00000001
  xor 2, 2: 0000133a 00001339 00000000 00000000
  xor -1, 1: 0000133a 00001339 ffffffff fffffffe
  xor -1, -1: 0000133a 00001339 00000000 00000000
  xor C_ZERO, C_ZERO: 0000133a 00001339 00000000 00000000
  xor C_ZERO, C_ONE: 0000133a 00001339 00000000 00000001
  xor C_ONE, C_ZERO: 0000133a 00001339 00000000 00000001
  xor C_ONE, C_ONE: 0000133a 00001339 00000000 00000000
  xor C_ONE, C_NEGONE: 0000133a 00001339 ffffffff fffffffe
  xor C_S16_MAX, C_S16_MAX: 0000133a 00001339 00000000 00000000
  xor C_S16_MIN, C_S16_MIN: 0000133a 00001339 00000000 00000000
  xor C_S32_MAX, C_S32_MAX: 0000133a 00001339 00000000 00000000
  xor C_S32_MIN, C_S32_MIN: 0000133a 00001339 00000000 00000000
  xor C_S64_MAX, C_S64_MAX: 0000133a 00001339 00000000 00000000
  xor C_S64_MIN, C_S64_MIN: 0000133a 00001339 00000000 00000000
  xor C_GARBAGE1, C_GARBAGE2: 0000133a 00001339 deadadd6 deadadd8
  xor -> $0: 0000133a 00001339 00000000 00000000

xori:
  xori 0, 0: 0000133a 00001339 00000000 00000000
  xori 0, 1: 0000133a 00001339 00000000 00000001
  xori 1, 1: 0000133a 00001339 00000000 00000000
  xori 1, 0: 0000133a 00001339 00000000 00000001
  xori 2, 2: 0000133a 00001339 00000000 00000000
  xori -1, 1: 0000133a 00001339 ffffffff fffffffe
  xori -1, 65535: 0000133a 00001339 ffffffff ffff0000
  xori C_ZERO, 0: 0000133a 00001339 00000000 00000000
  xori C_ZERO, 1: 0000133a 00001339 00000000 00000001
  xori C_ONE, 0: 0000133a 00001339 00000000 00000001
  xori C_ONE, 1: 0000133a 00001339 00000000 00000000
  xori C_ONE, 65535: 0000133a 00001339 00000000 0000fffe
  xori C_S16_MAX, 32767: 0000133a 00001339 00000000 00000000
  xori C_S16_MIN, 32768: 0000133a 00001339 ffffffff ffff0000
  xori C_S32_MAX, 32767: 0000133a 00001339 00000000 7fff8000
  xori C_S32_MIN, 32768: 0000133a 00001339 ffffffff 80008000
  xori C_S64_MAX, 32767: 0000133a 00001339 7fffffff ffff8000
  xori C_S64_MIN, 32768: 0000133a 00001339 80000000 00008000
  xori C_GARBAGE1, 57005: 0000133a 00001339 00001338 0000cd9a
  xori -> $0: 0000133a 00001339 00000000 00000000

-- TEST END
