-- TEST BEGIN
lb:
  lb +0: 0000133a 00001339 ffffffff ffffff89
  lb +16: 0000133a 00001339 ffffffff ffffffbb
  lb -16: 0000133a 00001339 00000000 00000023
  lb +0: 0000133a 00001339 ffffffff ffffff89
  lb +16: 0000133a 00001339 ffffffff ffffffbb
  lb +-16: 0000133a 00001339 00000000 00000023
  lb -> $0: 0000133a 00001339 00000000 00000000

lbu:
  lbu +0: 0000133a 00001339 00000000 00000089
  lbu +16: 0000133a 00001339 00000000 000000bb
  lbu -16: 0000133a 00001339 00000000 00000023
  lbu +0: 0000133a 00001339 00000000 00000089
  lbu +16: 0000133a 00001339 00000000 000000bb
  lbu +-16: 0000133a 00001339 00000000 00000023
  lbu -> $0: 0000133a 00001339 00000000 00000000

ld:
  ld +0: 0000133a 00001339 abcdef01 23456789
  ld +16: 0000133a 00001339 ccddeeff 8899aabb
  ld -16: 0000133a 00001339 9abcdef0 45678123
  ld +0: 0000133a 00001339 abcdef01 23456789
  ld +16: 0000133a 00001339 ccddeeff 8899aabb
  ld +-16: 0000133a 00001339 9abcdef0 45678123
  ld -> $0: 0000133a 00001339 00000000 00000000

ldl / ldr:
  ldl +0: 0000133a 00001339 89ffffff abcd4321
  ldr +0: 0000133a 00001339 abcdef01 23456789
  ldl +1: 0000133a 00001339 6789ffff abcd4321
  ldr +1: 0000133a 00001339 ffabcdef 01234567
  ldl +0/ldr +7: 0000133a 00001339 89ffffff abcd43ab
  ldl +0: 0000133a 00001339 89001338 00001337
  ldr +0: 0000133a 00001339 abcdef01 23456789
  ldl +1: 0000133a 00001339 67891338 00001337
  ldr +1: 0000133a 00001339 00abcdef 01234567
  ldl +0/ldr +7: 0000133a 00001339 89001338 000013ab
  ldl -> $0: 0000133a 00001339 00000000 00000000
  ldr -> $0: 0000133a 00001339 00000000 00000000

lh:
  lh +0: 0000133a 00001339 00000000 00006789
  lh +16: 0000133a 00001339 ffffffff ffffaabb
  lh -16: 0000133a 00001339 ffffffff ffff8123
  lh +0: 0000133a 00001339 00000000 00006789
  lh +16: 0000133a 00001339 ffffffff ffffaabb
  lh +-16: 0000133a 00001339 ffffffff ffff8123
  lh -> $0: 0000133a 00001339 00000000 00000000

lhu:
  lhu +0: 0000133a 00001339 00000000 00006789
  lhu +16: 0000133a 00001339 00000000 0000aabb
  lhu -16: 0000133a 00001339 00000000 00008123
  lhu +0: 0000133a 00001339 00000000 00006789
  lhu +16: 0000133a 00001339 00000000 0000aabb
  lhu +-16: 0000133a 00001339 00000000 00008123
  lhu -> $0: 0000133a 00001339 00000000 00000000

lw:
  lw +0: 0000133a 00001339 00000000 23456789
  lw +16: 0000133a 00001339 ffffffff 8899aabb
  lw -16: 0000133a 00001339 00000000 45678123
  lw +0: 0000133a 00001339 00000000 23456789
  lw +16: 0000133a 00001339 ffffffff 8899aabb
  lw +-16: 0000133a 00001339 00000000 45678123
  lw -> $0: 0000133a 00001339 00000000 00000000

lwl / lwr:
  lwl +0: 0000133a 00001339 ffffffff 89cd4321
  lwr +0: 0000133a 00001339 00000000 23456789
  lwl +1: 0000133a 00001339 00000000 67894321
  lwr +1: 0000133a 00001339 ffffffff ab234567
  lwl +0/lwr +3: 0000133a 00001339 ffffffff 89cd4323
  lwl +0: 0000133a 00001339 ffffffff 89001337
  lwr +0: 0000133a 00001339 00000000 23456789
  lwl +1: 0000133a 00001339 00000000 67891337
  lwr +1: 0000133a 00001339 00001338 00234567
  lwl +0/lwr +3: 0000133a 00001339 ffffffff 89001323
  lwl -> $0: 0000133a 00001339 00000000 00000000
  lwr -> $0: 0000133a 00001339 00000000 00000000

lwu:
  lwu +0: 0000133a 00001339 00000000 23456789
  lwu +16: 0000133a 00001339 00000000 8899aabb
  lwu -16: 0000133a 00001339 00000000 45678123
  lwu +0: 0000133a 00001339 00000000 23456789
  lwu +16: 0000133a 00001339 00000000 8899aabb
  lwu +-16: 0000133a 00001339 00000000 45678123
  lwu -> $0: 0000133a 00001339 00000000 00000000

lq:
  lq +0: c0dec0de beefdead abcdef01 23456789
  lq +16: 44556677 00112233 ccddeeff 8899aabb
  lq -16: c0de1337 deadbeef 9abcdef0 45678123
  lq +0: c0dec0de beefdead abcdef01 23456789
  lq +16: 44556677 00112233 ccddeeff 8899aabb
  lq +-16: c0de1337 deadbeef 9abcdef0 45678123
  lq -> $0: 0000133a 00001339 00000000 00000000

sb:
  sb +0: c0dec0de beefdead abcdef01 23456721
  sb +16: 44556677 00112233 ccddeeff 8899aa21
  sb -16: c0de1337 deadbeef 9abcdef0 45678121
  sb +0: c0dec0de beefdead abcdef01 23456737
  sb +16: 44556677 00112233 ccddeeff 8899aa37
  sb +-16: c0de1337 deadbeef 9abcdef0 45678137

sd:
  sd +0: c0dec0de beefdead ffffffff abcd4321
  sd +16: 44556677 00112233 ffffffff abcd4321
  sd -16: c0de1337 deadbeef ffffffff abcd4321
  sd +0: c0dec0de beefdead 00001338 00001337
  sd +16: 44556677 00112233 00001338 00001337
  sd +-16: c0de1337 deadbeef 00001338 00001337

sdl / sdr:
  sdl +0: c0dec0de beefdead abcdef01 234567ff
  sdr +0: c0dec0de beefdead ffffffff abcd4321
  sdl +1: c0dec0de beefdead abcdef01 2345ffff
  sdr +1: c0dec0de beefdead ffffffab cd432189
  sdl +0/sdr +7: c0dec0de beefdead 21cdef01 234567ff
  sdl +0: c0dec0de beefdead abcdef01 23456700
  sdr +0: c0dec0de beefdead 00001338 00001337
  sdl +1: c0dec0de beefdead abcdef01 23450000
  sdr +1: c0dec0de beefdead 00133800 00133789
  sdl +0/sdr +7: c0dec0de beefdead 37cdef01 23456700

sh:
  sh +0: c0dec0de beefdead abcdef01 23454321
  sh +16: 44556677 00112233 ccddeeff 88994321
  sh -16: c0de1337 deadbeef 9abcdef0 45674321
  sh +0: c0dec0de beefdead abcdef01 23451337
  sh +16: 44556677 00112233 ccddeeff 88991337
  sh +-16: c0de1337 deadbeef 9abcdef0 45671337

sw:
  sw +0: c0dec0de beefdead abcdef01 abcd4321
  sw +16: 44556677 00112233 ccddeeff abcd4321
  sw -16: c0de1337 deadbeef 9abcdef0 abcd4321
  sw +0: c0dec0de beefdead abcdef01 00001337
  sw +16: 44556677 00112233 ccddeeff 00001337
  sw +-16: c0de1337 deadbeef 9abcdef0 00001337

swl / swr:
  swl +0: c0dec0de beefdead abcdef01 234567ab
  swr +0: c0dec0de beefdead abcdef01 abcd4321
  swl +1: c0dec0de beefdead abcdef01 2345abcd
  swr +1: c0dec0de beefdead abcdef01 cd432189
  swl +0/swr +3: c0dec0de beefdead abcdef01 214567ab
  swl +0: c0dec0de beefdead abcdef01 23456700
  swr +0: c0dec0de beefdead abcdef01 00001337
  swl +1: c0dec0de beefdead abcdef01 23450000
  swr +1: c0dec0de beefdead abcdef01 00133789
  swl +0/swr +3: c0dec0de beefdead abcdef01 37456700

sq:
  sq +0: 0000133a 00001339 ffffffff abcd4321
  sq +16: 0000133a 00001339 ffffffff abcd4321
  sq -16: 0000133a 00001339 ffffffff abcd4321
  sq +0: 0000133a 00001339 00001338 00001337
  sq +16: 0000133a 00001339 00001338 00001337
  sq +-16: 0000133a 00001339 00001338 00001337

pref: OK
-- TEST END
