-- TEST BEGIN
eq:
  eq 00000000/+0.00, 00000000/+0.00: true
  eq 00000000/+0.00, 80000000/-0.00: true
  eq 80000000/-0.00, 00000000/+0.00: true
  eq 80000000/-0.00, 80000000/-0.00: true
  eq 00000000/+0.00, 3f800000/+1.00: false
  eq 3f800000/+1.00, 3f800000/+1.00: true
  eq 3f800000/+1.00, 00000000/+0.00: false
  eq 40000000/+2.00, 40000000/+2.00: true
  eq 40400000/+3.00, 3f800000/+1.00: false
  eq 40400000/+3.00, 40400000/+3.00: true
  eq 7fffffff/+NaN, 7fffffff/+NaN: true
  eq 7fffffff/+NaN, ffffffff/-NaN: false
  eq ffffffff/-NaN, 7fffffff/+NaN: false
  eq ffffffff/-NaN, ffffffff/-NaN: true
  eq 7fffffff/+NaN, 00000000/+0.00: false
  eq 00000000/+0.00, 00000001/+0.00: true
  eq 00000001/+0.00, 00000000/+0.00: true
  eq 00000000/+0.00, 7fffffff/+NaN: false
  eq 00000000/+0.00, 7f800000/+NaN: false
  eq 7f800000/+NaN, 7f800000/+NaN: true
  eq 7f800000/+NaN, 7f800001/+NaN: false
  eq 7f800001/+NaN, 7f800000/+NaN: false
  eq ff800000/-NaN, 7f800000/+NaN: false
  eq CF_ZERO, CF_ZERO: true
  eq CF_ZERO, CF_NEGZERO: true
  eq CF_ONE, CF_ONE: true
  eq CF_ONE, CF_NEGONE: false
  eq CF_MAX_MANTISSA, CF_ONE: false
  eq CF_MAX_EXP, CF_ONE: false
  eq CF_MIN_EXP, CF_ONE: false
  eq CF_ONE, CF_MAX_MANTISSA: false
  eq CF_ONE, CF_MAX_EXP: false
  eq CF_ONE, CF_MIN_EXP: false
  eq CF_MAX, CF_ONE: false
  eq CF_MIN, CF_ONE: false
  eq CF_ONE, CF_MAX: false
  eq CF_ONE, CF_MIN: false
  eq CF_MAX, CF_MAX: true
  eq CF_MIN, CF_MIN: true
  eq CF_GARBAGE1, CF_GARBAGE2: false

f:
  f 00000000/+0.00, 00000000/+0.00: false
  f 00000000/+0.00, 80000000/-0.00: false
  f 80000000/-0.00, 00000000/+0.00: false
  f 80000000/-0.00, 80000000/-0.00: false
  f 00000000/+0.00, 3f800000/+1.00: false
  f 3f800000/+1.00, 3f800000/+1.00: false
  f 3f800000/+1.00, 00000000/+0.00: false
  f 40000000/+2.00, 40000000/+2.00: false
  f 40400000/+3.00, 3f800000/+1.00: false
  f 40400000/+3.00, 40400000/+3.00: false
  f 7fffffff/+NaN, 7fffffff/+NaN: false
  f 7fffffff/+NaN, ffffffff/-NaN: false
  f ffffffff/-NaN, 7fffffff/+NaN: false
  f ffffffff/-NaN, ffffffff/-NaN: false
  f 7fffffff/+NaN, 00000000/+0.00: false
  f 00000000/+0.00, 00000001/+0.00: false
  f 00000001/+0.00, 00000000/+0.00: false
  f 00000000/+0.00, 7fffffff/+NaN: false
  f 00000000/+0.00, 7f800000/+NaN: false
  f 7f800000/+NaN, 7f800000/+NaN: false
  f 7f800000/+NaN, 7f800001/+NaN: false
  f 7f800001/+NaN, 7f800000/+NaN: false
  f ff800000/-NaN, 7f800000/+NaN: false
  f CF_ZERO, CF_ZERO: false
  f CF_ZERO, CF_NEGZERO: false
  f CF_ONE, CF_ONE: false
  f CF_ONE, CF_NEGONE: false
  f CF_MAX_MANTISSA, CF_ONE: false
  f CF_MAX_EXP, CF_ONE: false
  f CF_MIN_EXP, CF_ONE: false
  f CF_ONE, CF_MAX_MANTISSA: false
  f CF_ONE, CF_MAX_EXP: false
  f CF_ONE, CF_MIN_EXP: false
  f CF_MAX, CF_ONE: false
  f CF_MIN, CF_ONE: false
  f CF_ONE, CF_MAX: false
  f CF_ONE, CF_MIN: false
  f CF_MAX, CF_MAX: false
  f CF_MIN, CF_MIN: false
  f CF_GARBAGE1, CF_GARBAGE2: false

le:
  le 00000000/+0.00, 00000000/+0.00: true
  le 00000000/+0.00, 80000000/-0.00: true
  le 80000000/-0.00, 00000000/+0.00: true
  le 80000000/-0.00, 80000000/-0.00: true
  le 00000000/+0.00, 3f800000/+1.00: true
  le 3f800000/+1.00, 3f800000/+1.00: true
  le 3f800000/+1.00, 00000000/+0.00: false
  le 40000000/+2.00, 40000000/+2.00: true
  le 40400000/+3.00, 3f800000/+1.00: false
  le 40400000/+3.00, 40400000/+3.00: true
  le 7fffffff/+NaN, 7fffffff/+NaN: true
  le 7fffffff/+NaN, ffffffff/-NaN: false
  le ffffffff/-NaN, 7fffffff/+NaN: true
  le ffffffff/-NaN, ffffffff/-NaN: true
  le 7fffffff/+NaN, 00000000/+0.00: false
  le 00000000/+0.00, 00000001/+0.00: true
  le 00000001/+0.00, 00000000/+0.00: true
  le 00000000/+0.00, 7fffffff/+NaN: true
  le 00000000/+0.00, 7f800000/+NaN: true
  le 7f800000/+NaN, 7f800000/+NaN: true
  le 7f800000/+NaN, 7f800001/+NaN: true
  le 7f800001/+NaN, 7f800000/+NaN: false
  le ff800000/-NaN, 7f800000/+NaN: true
  le CF_ZERO, CF_ZERO: true
  le CF_ZERO, CF_NEGZERO: true
  le CF_ONE, CF_ONE: true
  le CF_ONE, CF_NEGONE: false
  le CF_MAX_MANTISSA, CF_ONE: false
  le CF_MAX_EXP, CF_ONE: false
  le CF_MIN_EXP, CF_ONE: true
  le CF_ONE, CF_MAX_MANTISSA: true
  le CF_ONE, CF_MAX_EXP: true
  le CF_ONE, CF_MIN_EXP: false
  le CF_MAX, CF_ONE: false
  le CF_MIN, CF_ONE: true
  le CF_ONE, CF_MAX: true
  le CF_ONE, CF_MIN: false
  le CF_MAX, CF_MAX: true
  le CF_MIN, CF_MIN: true
  le CF_GARBAGE1, CF_GARBAGE2: false

lt:
  lt 00000000/+0.00, 00000000/+0.00: false
  lt 00000000/+0.00, 80000000/-0.00: false
  lt 80000000/-0.00, 00000000/+0.00: false
  lt 80000000/-0.00, 80000000/-0.00: false
  lt 00000000/+0.00, 3f800000/+1.00: true
  lt 3f800000/+1.00, 3f800000/+1.00: false
  lt 3f800000/+1.00, 00000000/+0.00: false
  lt 40000000/+2.00, 40000000/+2.00: false
  lt 40400000/+3.00, 3f800000/+1.00: false
  lt 40400000/+3.00, 40400000/+3.00: false
  lt 7fffffff/+NaN, 7fffffff/+NaN: false
  lt 7fffffff/+NaN, ffffffff/-NaN: false
  lt ffffffff/-NaN, 7fffffff/+NaN: true
  lt ffffffff/-NaN, ffffffff/-NaN: false
  lt 7fffffff/+NaN, 00000000/+0.00: false
  lt 00000000/+0.00, 00000001/+0.00: false
  lt 00000001/+0.00, 00000000/+0.00: false
  lt 00000000/+0.00, 7fffffff/+NaN: true
  lt 00000000/+0.00, 7f800000/+NaN: true
  lt 7f800000/+NaN, 7f800000/+NaN: false
  lt 7f800000/+NaN, 7f800001/+NaN: true
  lt 7f800001/+NaN, 7f800000/+NaN: false
  lt ff800000/-NaN, 7f800000/+NaN: true
  lt CF_ZERO, CF_ZERO: false
  lt CF_ZERO, CF_NEGZERO: false
  lt CF_ONE, CF_ONE: false
  lt CF_ONE, CF_NEGONE: false
  lt CF_MAX_MANTISSA, CF_ONE: false
  lt CF_MAX_EXP, CF_ONE: false
  lt CF_MIN_EXP, CF_ONE: true
  lt CF_ONE, CF_MAX_MANTISSA: true
  lt CF_ONE, CF_MAX_EXP: true
  lt CF_ONE, CF_MIN_EXP: false
  lt CF_MAX, CF_ONE: false
  lt CF_MIN, CF_ONE: true
  lt CF_ONE, CF_MAX: true
  lt CF_ONE, CF_MIN: false
  lt CF_MAX, CF_MAX: false
  lt CF_MIN, CF_MIN: false
  lt CF_GARBAGE1, CF_GARBAGE2: false

-- TEST END
