-- TEST BEGIN
lwc1:
  lwc1 +0: 4e0d159e/+591751040.00
  lwc1 +4: 4f2bcdef/+2882400000.00
  lwc1 -4: 4f40de13/+3235779328.00
  lwc1 +0: 4e0d159e/+591751040.00
  lwc1 +4: 4f2bcdef/+2882400000.00
  lwc1 +-4: 4f40de13/+3235779328.00

swc1:
  swc1 +0: 3f800001/+1.00
  swc1 +4: 3f800001/+1.00
  swc1 -4: 3f800001/+1.00
  swc1 +0: 00001337/+0.00
  swc1 +4: 00001337/+0.00
  swc1 +-4: 00001337/+0.00

cfc1: 12345678 12345678 00000000 01000001
ctc1: ffffffff ffffffff 00000000 0183c079
mfc1 negative: 80f0000f 80f0000f ffffffff bf800000
mfc1 positive: 00f0000f 00f0000f 00000000 3f800000
mtc1 negative: 80f0000f/-0.00
mtc1 positive: 00f0000f/+0.00
-- TEST END
