-- TEST BEGIN
lb 0: 00000000
lw 0: 00000000
lb 1: 11223344
lw 1: 11223344
lb 2: 00000037
lw 2: 13371337
ld 1: 13371337 00000000
ld 2: 13371337 13371337
lw then branch: 2
-- TEST END
