-- TEST BEGIN
SADR offsets:
  SADR updated: to=00000030, from=00000030
  Tag data updated: MADR=+00000010, TADR=+00000010
  SADR +0x10: 00000000 00000000 00000000 00000000
  SADR +0x20: 01234567 89abcdef deadbeef 1337c0de

  SADR updated: to=00000020, from=00000030
  Tag data updated: MADR=+00000010, TADR=+00000010
  SADR +0x14: deadbeef 89abcdef 01234567 1337c0de
  SADR +0x24: 01234567 89abcdef deadbeef 1337c0de

SADR high bits:
  SADR updated: to=00000120, from=00000030
  Tag data updated: MADR=+00000100, TADR=+00000010
  SADR send with ignored bits: 01234567 89abcdef deadbeef 1337c0de

  SADR updated: to=00000120, from=00000030
  SADR receive with ignored bits: 01234567 89abcdef deadbeef 1337c0de

Size zero:
  SADR updated: to=00000000, from=00000000
  Send zero 0x0000: 00000000 00000000 00000000 00000000
  Send zero 0x0010: 00000000 00000000 00000000 00000000
-- TEST END
