-- TEST BEGIN
pceqb:
  pceqb 0, 0: ffffffff ffffffff ffffffff ffffffff
  pceqb 0, 1: ffffffff ffffff00 ffffffff ffffff00
  pceqb 1, 1: ffffffff ffffffff ffffffff ffffffff
  pceqb 1, 0: ffffffff ffffff00 ffffffff ffffff00
  pceqb 2, 2: ffffffff ffffffff ffffffff ffffffff
  pceqb -1, 1: 00000000 00000000 00000000 00000000
  pceqb -1, -1: ffffffff ffffffff ffffffff ffffffff
  pceqb C_ZERO, C_ZERO: ffffffff ffffffff ffffffff ffffffff
  pceqb C_ZERO, C_ONE: ffffffff ffffffff ffffffff ffffff00
  pceqb C_ONE, C_ZERO: ffffffff ffffffff ffffffff ffffff00
  pceqb C_ONE, C_ONE: ffffffff ffffffff ffffffff ffffffff
  pceqb C_ONE, C_NEGONE: 00000000 00000000 00000000 00000000
  pceqb C_S16_MAX, C_S16_MAX: ffffffff ffffffff ffffffff ffffffff
  pceqb C_S16_MIN, C_S16_MIN: ffffffff ffffffff ffffffff ffffffff
  pceqb C_S32_MAX, C_S32_MAX: ffffffff ffffffff ffffffff ffffffff
  pceqb C_S32_MIN, C_S32_MIN: ffffffff ffffffff ffffffff ffffffff
  pceqb C_S64_MAX, C_S64_MAX: ffffffff ffffffff ffffffff ffffffff
  pceqb C_S64_MIN, C_S64_MIN: ffffffff ffffffff ffffffff ffffffff
  pceqb C_GARBAGE1, C_GARBAGE2: 00000000 00000000 00000000 00000000
  pceqb C_P_S8_A, C_P_S8_B: ff000000 00000000 ff000000 ff000000
  pceqb C_P_S16_A, C_P_S16_B: ffff0000 00000000 000000ff ffff0000
  pceqb C_P_S32_A, C_P_S32_B: 00000000 00000000 00000000 00000000
  pceqb C_P_S32_B, C_P_S32_A: 00000000 00000000 00000000 00000000
  pceqb C_P_S32_C, C_P_S32_D: 00000000 00000000 00000000 00000000
  pceqb C_P_S32_D, C_P_S32_C: 00000000 00000000 00000000 00000000
  pceqb C_P_S32_E, C_P_S32_F: 00000000 00000000 00000000 00000000
  pceqb C_P_S32_F, C_P_S32_E: 00000000 00000000 00000000 00000000
  pceqb -> $0: 00000000 00000000 00000000 00000000

pceqh:
  pceqh 0, 0: ffffffff ffffffff ffffffff ffffffff
  pceqh 0, 1: ffffffff ffff0000 ffffffff ffff0000
  pceqh 1, 1: ffffffff ffffffff ffffffff ffffffff
  pceqh 1, 0: ffffffff ffff0000 ffffffff ffff0000
  pceqh 2, 2: ffffffff ffffffff ffffffff ffffffff
  pceqh -1, 1: 00000000 00000000 00000000 00000000
  pceqh -1, -1: ffffffff ffffffff ffffffff ffffffff
  pceqh C_ZERO, C_ZERO: ffffffff ffffffff ffffffff ffffffff
  pceqh C_ZERO, C_ONE: ffffffff ffffffff ffffffff ffff0000
  pceqh C_ONE, C_ZERO: ffffffff ffffffff ffffffff ffff0000
  pceqh C_ONE, C_ONE: ffffffff ffffffff ffffffff ffffffff
  pceqh C_ONE, C_NEGONE: 00000000 00000000 00000000 00000000
  pceqh C_S16_MAX, C_S16_MAX: ffffffff ffffffff ffffffff ffffffff
  pceqh C_S16_MIN, C_S16_MIN: ffffffff ffffffff ffffffff ffffffff
  pceqh C_S32_MAX, C_S32_MAX: ffffffff ffffffff ffffffff ffffffff
  pceqh C_S32_MIN, C_S32_MIN: ffffffff ffffffff ffffffff ffffffff
  pceqh C_S64_MAX, C_S64_MAX: ffffffff ffffffff ffffffff ffffffff
  pceqh C_S64_MIN, C_S64_MIN: ffffffff ffffffff ffffffff ffffffff
  pceqh C_GARBAGE1, C_GARBAGE2: 00000000 00000000 00000000 00000000
  pceqh C_P_S8_A, C_P_S8_B: 00000000 00000000 00000000 00000000
  pceqh C_P_S16_A, C_P_S16_B: ffff0000 00000000 00000000 ffff0000
  pceqh C_P_S32_A, C_P_S32_B: 00000000 00000000 00000000 00000000
  pceqh C_P_S32_B, C_P_S32_A: 00000000 00000000 00000000 00000000
  pceqh C_P_S32_C, C_P_S32_D: 00000000 00000000 00000000 00000000
  pceqh C_P_S32_D, C_P_S32_C: 00000000 00000000 00000000 00000000
  pceqh C_P_S32_E, C_P_S32_F: 00000000 00000000 00000000 00000000
  pceqh C_P_S32_F, C_P_S32_E: 00000000 00000000 00000000 00000000
  pceqh -> $0: 00000000 00000000 00000000 00000000

pceqw:
  pceqw 0, 0: ffffffff ffffffff ffffffff ffffffff
  pceqw 0, 1: ffffffff 00000000 ffffffff 00000000
  pceqw 1, 1: ffffffff ffffffff ffffffff ffffffff
  pceqw 1, 0: ffffffff 00000000 ffffffff 00000000
  pceqw 2, 2: ffffffff ffffffff ffffffff ffffffff
  pceqw -1, 1: 00000000 00000000 00000000 00000000
  pceqw -1, -1: ffffffff ffffffff ffffffff ffffffff
  pceqw C_ZERO, C_ZERO: ffffffff ffffffff ffffffff ffffffff
  pceqw C_ZERO, C_ONE: ffffffff ffffffff ffffffff 00000000
  pceqw C_ONE, C_ZERO: ffffffff ffffffff ffffffff 00000000
  pceqw C_ONE, C_ONE: ffffffff ffffffff ffffffff ffffffff
  pceqw C_ONE, C_NEGONE: 00000000 00000000 00000000 00000000
  pceqw C_S16_MAX, C_S16_MAX: ffffffff ffffffff ffffffff ffffffff
  pceqw C_S16_MIN, C_S16_MIN: ffffffff ffffffff ffffffff ffffffff
  pceqw C_S32_MAX, C_S32_MAX: ffffffff ffffffff ffffffff ffffffff
  pceqw C_S32_MIN, C_S32_MIN: ffffffff ffffffff ffffffff ffffffff
  pceqw C_S64_MAX, C_S64_MAX: ffffffff ffffffff ffffffff ffffffff
  pceqw C_S64_MIN, C_S64_MIN: ffffffff ffffffff ffffffff ffffffff
  pceqw C_GARBAGE1, C_GARBAGE2: 00000000 00000000 00000000 00000000
  pceqw C_P_S8_A, C_P_S8_B: 00000000 00000000 00000000 00000000
  pceqw C_P_S16_A, C_P_S16_B: 00000000 00000000 00000000 00000000
  pceqw C_P_S32_A, C_P_S32_B: 00000000 00000000 00000000 00000000
  pceqw C_P_S32_B, C_P_S32_A: 00000000 00000000 00000000 00000000
  pceqw C_P_S32_C, C_P_S32_D: 00000000 00000000 00000000 00000000
  pceqw C_P_S32_D, C_P_S32_C: 00000000 00000000 00000000 00000000
  pceqw C_P_S32_E, C_P_S32_F: 00000000 00000000 00000000 00000000
  pceqw C_P_S32_F, C_P_S32_E: 00000000 00000000 00000000 00000000
  pceqw -> $0: 00000000 00000000 00000000 00000000

pcgtb:
  pcgtb 0, 0: 00000000 00000000 00000000 00000000
  pcgtb 0, 1: 00000000 00000000 00000000 00000000
  pcgtb 1, 1: 00000000 00000000 00000000 00000000
  pcgtb 1, 0: 00000000 000000ff 00000000 000000ff
  pcgtb 2, 2: 00000000 00000000 00000000 00000000
  pcgtb -1, 1: 00000000 00000000 00000000 00000000
  pcgtb -1, -1: 00000000 00000000 00000000 00000000
  pcgtb C_ZERO, C_ZERO: 00000000 00000000 00000000 00000000
  pcgtb C_ZERO, C_ONE: 00000000 00000000 00000000 00000000
  pcgtb C_ONE, C_ZERO: 00000000 00000000 00000000 000000ff
  pcgtb C_ONE, C_ONE: 00000000 00000000 00000000 00000000
  pcgtb C_ONE, C_NEGONE: ffffffff ffffffff ffffffff ffffffff
  pcgtb C_S16_MAX, C_S16_MAX: 00000000 00000000 00000000 00000000
  pcgtb C_S16_MIN, C_S16_MIN: 00000000 00000000 00000000 00000000
  pcgtb C_S32_MAX, C_S32_MAX: 00000000 00000000 00000000 00000000
  pcgtb C_S32_MIN, C_S32_MIN: 00000000 00000000 00000000 00000000
  pcgtb C_S64_MAX, C_S64_MAX: 00000000 00000000 00000000 00000000
  pcgtb C_S64_MIN, C_S64_MIN: 00000000 00000000 00000000 00000000
  pcgtb C_GARBAGE1, C_GARBAGE2: ffffffff ffffffff ffffffff ffffffff
  pcgtb C_P_S8_A, C_P_S8_B: 00ffffff 0000ffff 00ff0000 00000000
  pcgtb C_P_S16_A, C_P_S16_B: 0000ff00 ffffffff 00000000 000000ff
  pcgtb C_P_S32_A, C_P_S32_B: ff000000 00ffffff ff000000 00ffffff
  pcgtb C_P_S32_B, C_P_S32_A: 00ffffff ff000000 00ffffff ff000000
  pcgtb C_P_S32_C, C_P_S32_D: ff000000 ffffffff 00000000 00ffffff
  pcgtb C_P_S32_D, C_P_S32_C: 00ffffff 00000000 ffffffff ff000000
  pcgtb C_P_S32_E, C_P_S32_F: 00ffffff 00000000 ff000000 ffffffff
  pcgtb C_P_S32_F, C_P_S32_E: ff000000 ffffffff 00ffffff 00000000
  pcgtb -> $0: 00000000 00000000 00000000 00000000

pcgth:
  pcgth 0, 0: 00000000 00000000 00000000 00000000
  pcgth 0, 1: 00000000 00000000 00000000 00000000
  pcgth 1, 1: 00000000 00000000 00000000 00000000
  pcgth 1, 0: 00000000 0000ffff 00000000 0000ffff
  pcgth 2, 2: 00000000 00000000 00000000 00000000
  pcgth -1, 1: 00000000 00000000 00000000 00000000
  pcgth -1, -1: 00000000 00000000 00000000 00000000
  pcgth C_ZERO, C_ZERO: 00000000 00000000 00000000 00000000
  pcgth C_ZERO, C_ONE: 00000000 00000000 00000000 00000000
  pcgth C_ONE, C_ZERO: 00000000 00000000 00000000 0000ffff
  pcgth C_ONE, C_ONE: 00000000 00000000 00000000 00000000
  pcgth C_ONE, C_NEGONE: ffffffff ffffffff ffffffff ffffffff
  pcgth C_S16_MAX, C_S16_MAX: 00000000 00000000 00000000 00000000
  pcgth C_S16_MIN, C_S16_MIN: 00000000 00000000 00000000 00000000
  pcgth C_S32_MAX, C_S32_MAX: 00000000 00000000 00000000 00000000
  pcgth C_S32_MIN, C_S32_MIN: 00000000 00000000 00000000 00000000
  pcgth C_S64_MAX, C_S64_MAX: 00000000 00000000 00000000 00000000
  pcgth C_S64_MIN, C_S64_MIN: 00000000 00000000 00000000 00000000
  pcgth C_GARBAGE1, C_GARBAGE2: ffffffff ffffffff ffffffff ffffffff
  pcgth C_P_S8_A, C_P_S8_B: ffffffff 0000ffff ffff0000 00000000
  pcgth C_P_S16_A, C_P_S16_B: 0000ffff ffffffff 00000000 00000000
  pcgth C_P_S32_A, C_P_S32_B: ffff0000 0000ffff ffff0000 0000ffff
  pcgth C_P_S32_B, C_P_S32_A: 0000ffff ffff0000 0000ffff ffff0000
  pcgth C_P_S32_C, C_P_S32_D: ffff0000 ffffffff 00000000 0000ffff
  pcgth C_P_S32_D, C_P_S32_C: 0000ffff 00000000 ffffffff ffff0000
  pcgth C_P_S32_E, C_P_S32_F: 0000ffff 00000000 ffff0000 ffffffff
  pcgth C_P_S32_F, C_P_S32_E: ffff0000 ffffffff 0000ffff 00000000
  pcgth -> $0: 00000000 00000000 00000000 00000000

pcgtw:
  pcgtw 0, 0: 00000000 00000000 00000000 00000000
  pcgtw 0, 1: 00000000 00000000 00000000 00000000
  pcgtw 1, 1: 00000000 00000000 00000000 00000000
  pcgtw 1, 0: 00000000 ffffffff 00000000 ffffffff
  pcgtw 2, 2: 00000000 00000000 00000000 00000000
  pcgtw -1, 1: 00000000 00000000 00000000 00000000
  pcgtw -1, -1: 00000000 00000000 00000000 00000000
  pcgtw C_ZERO, C_ZERO: 00000000 00000000 00000000 00000000
  pcgtw C_ZERO, C_ONE: 00000000 00000000 00000000 00000000
  pcgtw C_ONE, C_ZERO: 00000000 00000000 00000000 ffffffff
  pcgtw C_ONE, C_ONE: 00000000 00000000 00000000 00000000
  pcgtw C_ONE, C_NEGONE: ffffffff ffffffff ffffffff ffffffff
  pcgtw C_S16_MAX, C_S16_MAX: 00000000 00000000 00000000 00000000
  pcgtw C_S16_MIN, C_S16_MIN: 00000000 00000000 00000000 00000000
  pcgtw C_S32_MAX, C_S32_MAX: 00000000 00000000 00000000 00000000
  pcgtw C_S32_MIN, C_S32_MIN: 00000000 00000000 00000000 00000000
  pcgtw C_S64_MAX, C_S64_MAX: 00000000 00000000 00000000 00000000
  pcgtw C_S64_MIN, C_S64_MIN: 00000000 00000000 00000000 00000000
  pcgtw C_GARBAGE1, C_GARBAGE2: ffffffff ffffffff ffffffff ffffffff
  pcgtw C_P_S8_A, C_P_S8_B: ffffffff 00000000 ffffffff 00000000
  pcgtw C_P_S16_A, C_P_S16_B: ffffffff ffffffff 00000000 00000000
  pcgtw C_P_S32_A, C_P_S32_B: ffffffff 00000000 ffffffff 00000000
  pcgtw C_P_S32_B, C_P_S32_A: 00000000 ffffffff 00000000 ffffffff
  pcgtw C_P_S32_C, C_P_S32_D: ffffffff ffffffff 00000000 00000000
  pcgtw C_P_S32_D, C_P_S32_C: 00000000 00000000 ffffffff ffffffff
  pcgtw C_P_S32_E, C_P_S32_F: 00000000 00000000 ffffffff ffffffff
  pcgtw C_P_S32_F, C_P_S32_E: ffffffff ffffffff 00000000 00000000
  pcgtw -> $0: 00000000 00000000 00000000 00000000

-- TEST END
