-- TEST BEGIN
pcpyh:
  pcpyh 0: 00000000 00000000 00000000 00000000
  pcpyh 0: 00000000 00000000 00000000 00000000
  pcpyh 1: 00010001 00010001 00010001 00010001
  pcpyh 1: 00010001 00010001 00010001 00010001
  pcpyh 2: 00020002 00020002 00020002 00020002
  pcpyh -1: ffffffff ffffffff ffffffff ffffffff
  pcpyh -1: ffffffff ffffffff ffffffff ffffffff
  pcpyh C_ZERO: 00000000 00000000 00000000 00000000
  pcpyh C_ZERO: 00000000 00000000 00000000 00000000
  pcpyh C_ONE: 00000000 00000000 00010001 00010001
  pcpyh C_ONE: 00000000 00000000 00010001 00010001
  pcpyh C_ONE: 00000000 00000000 00010001 00010001
  pcpyh C_S16_MAX: 00000000 00000000 7fff7fff 7fff7fff
  pcpyh C_S16_MIN: ffffffff ffffffff 80008000 80008000
  pcpyh C_S32_MAX: 00000000 00000000 ffffffff ffffffff
  pcpyh C_S32_MIN: ffffffff ffffffff 00000000 00000000
  pcpyh C_S64_MAX: 00000000 00000000 ffffffff ffffffff
  pcpyh C_S64_MIN: ffffffff ffffffff 00000000 00000000
  pcpyh C_GARBAGE1: 13391339 13391339 13371337 13371337
  pcpyh C_P_S8_A: 56785678 56785678 80808080 80808080
  pcpyh C_P_S16_A: 56785678 56785678 80008000 80008000
  pcpyh C_P_S32_A: 56785678 56785678 00000000 00000000
  pcpyh C_P_S32_E: ffffffff ffffffff 00000000 00000000
  pcpyh -> $0: 00000000 00000000 00000000 00000000

pcpyld:
  pcpyld 0, 0: 00000000 00000000 00000000 00000000
  pcpyld 0, 1: 00000000 00000000 00000000 00000001
  pcpyld 1, 1: 00000000 00000001 00000000 00000001
  pcpyld 1, 0: 00000000 00000001 00000000 00000000
  pcpyld 2, 2: 00000000 00000002 00000000 00000002
  pcpyld -1, 1: ffffffff ffffffff 00000000 00000001
  pcpyld -1, -1: ffffffff ffffffff ffffffff ffffffff
  pcpyld C_ZERO, C_ZERO: 00000000 00000000 00000000 00000000
  pcpyld C_ZERO, C_ONE: 00000000 00000000 00000000 00000001
  pcpyld C_ONE, C_ZERO: 00000000 00000001 00000000 00000000
  pcpyld C_ONE, C_ONE: 00000000 00000001 00000000 00000001
  pcpyld C_ONE, C_NEGONE: 00000000 00000001 ffffffff ffffffff
  pcpyld C_S16_MAX, C_S16_MAX: 00000000 00007fff 00000000 00007fff
  pcpyld C_S16_MIN, C_S16_MIN: ffffffff ffff8000 ffffffff ffff8000
  pcpyld C_S32_MAX, C_S32_MAX: 00000000 7fffffff 00000000 7fffffff
  pcpyld C_S32_MIN, C_S32_MIN: ffffffff 80000000 ffffffff 80000000
  pcpyld C_S64_MAX, C_S64_MAX: 7fffffff ffffffff 7fffffff ffffffff
  pcpyld C_S64_MIN, C_S64_MIN: 80000000 00000000 80000000 00000000
  pcpyld C_GARBAGE1, C_GARBAGE2: 00001338 00001337 deadbeee deadbeef
  pcpyld C_P_S8_A, C_P_S8_B: ffffffff 80808080 ff807f34 80ff127f
  pcpyld C_P_S16_A, C_P_S16_B: ffffffff 80008000 12347fff 8000ffff
  pcpyld C_P_S32_A, C_P_S32_B: ffffffff 80000000 80000000 ffffffff
  pcpyld C_P_S32_B, C_P_S32_A: 80000000 ffffffff ffffffff 80000000
  pcpyld C_P_S32_C, C_P_S32_D: ffffffff 80000000 12345678 7fffffff
  pcpyld C_P_S32_D, C_P_S32_C: 12345678 7fffffff ffffffff 80000000
  pcpyld C_P_S32_E, C_P_S32_F: 7fffffff 00000000 80000000 ffffffff
  pcpyld C_P_S32_F, C_P_S32_E: 80000000 ffffffff 7fffffff 00000000
  pcpyld -> $0: 00000000 00000000 00000000 00000000

pcpyud:
  pcpyud 0, 0: 00000000 00000000 00000000 00000000
  pcpyud 0, 1: 00000000 00000001 00000000 00000000
  pcpyud 1, 1: 00000000 00000001 00000000 00000001
  pcpyud 1, 0: 00000000 00000000 00000000 00000001
  pcpyud 2, 2: 00000000 00000002 00000000 00000002
  pcpyud -1, 1: 00000000 00000001 ffffffff ffffffff
  pcpyud -1, -1: ffffffff ffffffff ffffffff ffffffff
  pcpyud C_ZERO, C_ZERO: 00000000 00000000 00000000 00000000
  pcpyud C_ZERO, C_ONE: 00000000 00000000 00000000 00000000
  pcpyud C_ONE, C_ZERO: 00000000 00000000 00000000 00000000
  pcpyud C_ONE, C_ONE: 00000000 00000000 00000000 00000000
  pcpyud C_ONE, C_NEGONE: ffffffff ffffffff 00000000 00000000
  pcpyud C_S16_MAX, C_S16_MAX: 00000000 00000000 00000000 00000000
  pcpyud C_S16_MIN, C_S16_MIN: ffffffff ffffffff ffffffff ffffffff
  pcpyud C_S32_MAX, C_S32_MAX: 00000000 00000000 00000000 00000000
  pcpyud C_S32_MIN, C_S32_MIN: ffffffff ffffffff ffffffff ffffffff
  pcpyud C_S64_MAX, C_S64_MAX: 00000000 00000000 00000000 00000000
  pcpyud C_S64_MIN, C_S64_MIN: ffffffff ffffffff ffffffff ffffffff
  pcpyud C_GARBAGE1, C_GARBAGE2: deadbeec deadbeed 0000133a 00001339
  pcpyud C_P_S8_A, C_P_S8_B: 7f78ff80 567f80ff 7f7f7f7f 12345678
  pcpyud C_P_S16_A, C_P_S16_B: 7fff5678 ffff8000 7fff7fff 12345678
  pcpyud C_P_S32_A, C_P_S32_B: 12345678 7fffffff 7fffffff 12345678
  pcpyud C_P_S32_B, C_P_S32_A: 7fffffff 12345678 12345678 7fffffff
  pcpyud C_P_S32_C, C_P_S32_D: 80000000 ffffffff 7fffffff 12345678
  pcpyud C_P_S32_D, C_P_S32_C: 7fffffff 12345678 80000000 ffffffff
  pcpyud C_P_S32_E, C_P_S32_F: 7fffffff 00000000 80000000 ffffffff
  pcpyud C_P_S32_F, C_P_S32_E: 80000000 ffffffff 7fffffff 00000000
  pcpyud -> $0: 00000000 00000000 00000000 00000000

pexch:
  pexch 0: 00000000 00000000 00000000 00000000
  pexch 0: 00000000 00000000 00000000 00000000
  pexch 1: 00000000 00000001 00000000 00000001
  pexch 1: 00000000 00000001 00000000 00000001
  pexch 2: 00000000 00000002 00000000 00000002
  pexch -1: ffffffff ffffffff ffffffff ffffffff
  pexch -1: ffffffff ffffffff ffffffff ffffffff
  pexch C_ZERO: 00000000 00000000 00000000 00000000
  pexch C_ZERO: 00000000 00000000 00000000 00000000
  pexch C_ONE: 00000000 00000000 00000000 00000001
  pexch C_ONE: 00000000 00000000 00000000 00000001
  pexch C_ONE: 00000000 00000000 00000000 00000001
  pexch C_S16_MAX: 00000000 00000000 00000000 00007fff
  pexch C_S16_MIN: ffffffff ffffffff ffffffff ffff8000
  pexch C_S32_MAX: 00000000 00000000 00007fff 0000ffff
  pexch C_S32_MIN: ffffffff ffffffff ffff8000 ffff0000
  pexch C_S64_MAX: 00000000 00000000 7fffffff ffffffff
  pexch C_S64_MIN: ffffffff ffffffff 80000000 00000000
  pexch C_GARBAGE1: 00000000 133a1339 00000000 13381337
  pexch C_P_S8_A: 7f7f1234 7f7f5678 ffff8080 ffff8080
  pexch C_P_S16_A: 7fff1234 7fff5678 ffff8000 ffff8000
  pexch C_P_S32_A: 7fff1234 ffff5678 ffff8000 ffff0000
  pexch C_P_S32_E: 8000ffff 0000ffff 7fff0000 ffff0000
  pexch -> $0: 00000000 00000000 00000000 00000000

pexcw:
  pexcw 0: 00000000 00000000 00000000 00000000
  pexcw 0: 00000000 00000000 00000000 00000000
  pexcw 1: 00000000 00000000 00000001 00000001
  pexcw 1: 00000000 00000000 00000001 00000001
  pexcw 2: 00000000 00000000 00000002 00000002
  pexcw -1: ffffffff ffffffff ffffffff ffffffff
  pexcw -1: ffffffff ffffffff ffffffff ffffffff
  pexcw C_ZERO: 00000000 00000000 00000000 00000000
  pexcw C_ZERO: 00000000 00000000 00000000 00000000
  pexcw C_ONE: 00000000 00000000 00000000 00000001
  pexcw C_ONE: 00000000 00000000 00000000 00000001
  pexcw C_ONE: 00000000 00000000 00000000 00000001
  pexcw C_S16_MAX: 00000000 00000000 00000000 00007fff
  pexcw C_S16_MIN: ffffffff ffffffff ffffffff ffff8000
  pexcw C_S32_MAX: 00000000 00000000 00000000 7fffffff
  pexcw C_S32_MIN: ffffffff ffffffff ffffffff 80000000
  pexcw C_S64_MAX: 00000000 7fffffff 00000000 ffffffff
  pexcw C_S64_MIN: ffffffff 80000000 ffffffff 00000000
  pexcw C_GARBAGE1: 0000133a 00001338 00001339 00001337
  pexcw C_P_S8_A: 7f7f7f7f ffffffff 12345678 80808080
  pexcw C_P_S16_A: 7fff7fff ffffffff 12345678 80008000
  pexcw C_P_S32_A: 7fffffff ffffffff 12345678 80000000
  pexcw C_P_S32_E: 80000000 7fffffff ffffffff 00000000
  pexcw -> $0: 00000000 00000000 00000000 00000000

pexeh:
  pexeh 0: 00000000 00000000 00000000 00000000
  pexeh 0: 00000000 00000000 00000000 00000000
  pexeh 1: 00000001 00000000 00000001 00000000
  pexeh 1: 00000001 00000000 00000001 00000000
  pexeh 2: 00000002 00000000 00000002 00000000
  pexeh -1: ffffffff ffffffff ffffffff ffffffff
  pexeh -1: ffffffff ffffffff ffffffff ffffffff
  pexeh C_ZERO: 00000000 00000000 00000000 00000000
  pexeh C_ZERO: 00000000 00000000 00000000 00000000
  pexeh C_ONE: 00000000 00000000 00000001 00000000
  pexeh C_ONE: 00000000 00000000 00000001 00000000
  pexeh C_ONE: 00000000 00000000 00000001 00000000
  pexeh C_S16_MAX: 00000000 00000000 00007fff 00000000
  pexeh C_S16_MIN: ffffffff ffffffff ffff8000 ffffffff
  pexeh C_S32_MAX: 00000000 00000000 0000ffff 7fff0000
  pexeh C_S32_MIN: ffffffff ffffffff ffff0000 8000ffff
  pexeh C_S64_MAX: 00000000 00000000 7fffffff ffffffff
  pexeh C_S64_MIN: ffffffff ffffffff 80000000 00000000
  pexeh C_GARBAGE1: 00001339 0000133a 00001337 00001338
  pexeh C_P_S8_A: 7f7f5678 12347f7f ffff8080 8080ffff
  pexeh C_P_S16_A: 7fff5678 12347fff ffff8000 8000ffff
  pexeh C_P_S32_A: 7fff5678 1234ffff ffff0000 8000ffff
  pexeh C_P_S32_E: 8000ffff ffff0000 7fff0000 0000ffff
  pexeh -> $0: 00000000 00000000 00000000 00000000

pexew:
  pexew 0: 00000000 00000000 00000000 00000000
  pexew 0: 00000000 00000000 00000000 00000000
  pexew 1: 00000000 00000001 00000000 00000001
  pexew 1: 00000000 00000001 00000000 00000001
  pexew 2: 00000000 00000002 00000000 00000002
  pexew -1: ffffffff ffffffff ffffffff ffffffff
  pexew -1: ffffffff ffffffff ffffffff ffffffff
  pexew C_ZERO: 00000000 00000000 00000000 00000000
  pexew C_ZERO: 00000000 00000000 00000000 00000000
  pexew C_ONE: 00000000 00000001 00000000 00000000
  pexew C_ONE: 00000000 00000001 00000000 00000000
  pexew C_ONE: 00000000 00000001 00000000 00000000
  pexew C_S16_MAX: 00000000 00007fff 00000000 00000000
  pexew C_S16_MIN: ffffffff ffff8000 ffffffff ffffffff
  pexew C_S32_MAX: 00000000 7fffffff 00000000 00000000
  pexew C_S32_MIN: ffffffff 80000000 ffffffff ffffffff
  pexew C_S64_MAX: 00000000 ffffffff 7fffffff 00000000
  pexew C_S64_MIN: ffffffff 00000000 80000000 ffffffff
  pexew C_GARBAGE1: 0000133a 00001337 00001338 00001339
  pexew C_P_S8_A: 7f7f7f7f 80808080 ffffffff 12345678
  pexew C_P_S16_A: 7fff7fff 80008000 ffffffff 12345678
  pexew C_P_S32_A: 7fffffff 80000000 ffffffff 12345678
  pexew C_P_S32_E: 80000000 00000000 7fffffff ffffffff
  pexew -> $0: 00000000 00000000 00000000 00000000

pext5:
  pext5 0: 00000000 00000000 00000000 00000000
  pext5 0: 00000000 00000000 00000000 00000000
  pext5 1: 00000000 00000008 00000000 00000008
  pext5 1: 00000000 00000008 00000000 00000008
  pext5 2: 00000000 00000010 00000000 00000010
  pext5 -1: 80f8f8f8 80f8f8f8 80f8f8f8 80f8f8f8
  pext5 -1: 80f8f8f8 80f8f8f8 80f8f8f8 80f8f8f8
  pext5 C_ZERO: 00000000 00000000 00000000 00000000
  pext5 C_ZERO: 00000000 00000000 00000000 00000000
  pext5 C_ONE: 00000000 00000000 00000000 00000008
  pext5 C_ONE: 00000000 00000000 00000000 00000008
  pext5 C_ONE: 00000000 00000000 00000000 00000008
  pext5 C_S16_MAX: 00000000 00000000 00000000 00f8f8f8
  pext5 C_S16_MIN: 80f8f8f8 80f8f8f8 80f8f8f8 80000000
  pext5 C_S32_MAX: 00000000 00000000 00000000 80f8f8f8
  pext5 C_S32_MIN: 80f8f8f8 80f8f8f8 80f8f8f8 00000000
  pext5 C_S64_MAX: 00000000 00000000 80f8f8f8 80f8f8f8
  pext5 C_S64_MIN: 80f8f8f8 80f8f8f8 00000000 00000000
  pext5 C_GARBAGE1: 0020c8d0 0020c8c8 0020c8c0 0020c8b8
  pext5 C_P_S8_A: 00f8d8f8 00a898c0 80f8f8f8 80002000
  pext5 C_P_S16_A: 00f8f8f8 00a898c0 80f8f8f8 80000000
  pext5 C_P_S32_A: 80f8f8f8 00a898c0 80f8f8f8 00000000
  pext5 C_P_S32_E: 00000000 80f8f8f8 80f8f8f8 00000000
  pext5 -> $0: 00000000 00000000 00000000 00000000

pextlb:
  pextlb 0, 0: 00000000 00000000 00000000 00000000
  pextlb 0, 1: 00000000 00000000 00000000 00000001
  pextlb 1, 1: 00000000 00000000 00000000 00000101
  pextlb 1, 0: 00000000 00000000 00000000 00000100
  pextlb 2, 2: 00000000 00000000 00000000 00000202
  pextlb -1, 1: ff00ff00 ff00ff00 ff00ff00 ff00ff01
  pextlb -1, -1: ffffffff ffffffff ffffffff ffffffff
  pextlb C_ZERO, C_ZERO: 00000000 00000000 00000000 00000000
  pextlb C_ZERO, C_ONE: 00000000 00000000 00000000 00000001
  pextlb C_ONE, C_ZERO: 00000000 00000000 00000000 00000100
  pextlb C_ONE, C_ONE: 00000000 00000000 00000000 00000101
  pextlb C_ONE, C_NEGONE: 00ff00ff 00ff00ff 00ff00ff 00ff01ff
  pextlb C_S16_MAX, C_S16_MAX: 00000000 00000000 00000000 7f7fffff
  pextlb C_S16_MIN, C_S16_MIN: ffffffff ffffffff ffffffff 80800000
  pextlb C_S32_MAX, C_S32_MAX: 00000000 00000000 7f7fffff ffffffff
  pextlb C_S32_MIN, C_S32_MIN: ffffffff ffffffff 80800000 00000000
  pextlb C_S64_MAX, C_S64_MAX: 7f7fffff ffffffff ffffffff ffffffff
  pextlb C_S64_MIN, C_S64_MIN: 80800000 00000000 00000000 00000000
  pextlb C_GARBAGE1, C_GARBAGE2: 00de00ad 13be38ee 00de00ad 13be37ef
  pextlb C_P_S8_A, C_P_S8_B: ffffff80 ff7fff34 808080ff 8012807f
  pextlb C_P_S16_A, C_P_S16_B: ff12ff34 ff7fffff 80800000 80ff00ff
  pextlb C_P_S32_A, C_P_S32_B: ff80ff00 ff00ff00 80ff00ff 00ff00ff
  pextlb C_P_S32_B, C_P_S32_A: 80ff00ff 00ff00ff ff80ff00 ff00ff00
  pextlb C_P_S32_C, C_P_S32_D: ff12ff34 ff56ff78 807f00ff 00ff00ff
  pextlb C_P_S32_D, C_P_S32_C: 12ff34ff 56ff78ff 7f80ff00 ff00ff00
  pextlb C_P_S32_E, C_P_S32_F: 7f80ff00 ff00ff00 00ff00ff 00ff00ff
  pextlb C_P_S32_F, C_P_S32_E: 807f00ff 00ff00ff ff00ff00 ff00ff00
  pextlb -> $0: 00000000 00000000 00000000 00000000

pextlh:
  pextlh 0, 0: 00000000 00000000 00000000 00000000
  pextlh 0, 1: 00000000 00000000 00000000 00000001
  pextlh 1, 1: 00000000 00000000 00000000 00010001
  pextlh 1, 0: 00000000 00000000 00000000 00010000
  pextlh 2, 2: 00000000 00000000 00000000 00020002
  pextlh -1, 1: ffff0000 ffff0000 ffff0000 ffff0001
  pextlh -1, -1: ffffffff ffffffff ffffffff ffffffff
  pextlh C_ZERO, C_ZERO: 00000000 00000000 00000000 00000000
  pextlh C_ZERO, C_ONE: 00000000 00000000 00000000 00000001
  pextlh C_ONE, C_ZERO: 00000000 00000000 00000000 00010000
  pextlh C_ONE, C_ONE: 00000000 00000000 00000000 00010001
  pextlh C_ONE, C_NEGONE: 0000ffff 0000ffff 0000ffff 0001ffff
  pextlh C_S16_MAX, C_S16_MAX: 00000000 00000000 00000000 7fff7fff
  pextlh C_S16_MIN, C_S16_MIN: ffffffff ffffffff ffffffff 80008000
  pextlh C_S32_MAX, C_S32_MAX: 00000000 00000000 7fff7fff ffffffff
  pextlh C_S32_MIN, C_S32_MIN: ffffffff ffffffff 80008000 00000000
  pextlh C_S64_MAX, C_S64_MAX: 7fff7fff ffffffff ffffffff ffffffff
  pextlh C_S64_MIN, C_S64_MIN: 80008000 00000000 00000000 00000000
  pextlh C_GARBAGE1, C_GARBAGE2: 0000dead 1338beee 0000dead 1337beef
  pextlh C_P_S8_A, C_P_S8_B: ffffff80 ffff7f34 808080ff 8080127f
  pextlh C_P_S16_A, C_P_S16_B: ffff1234 ffff7fff 80008000 8000ffff
  pextlh C_P_S32_A, C_P_S32_B: ffff8000 ffff0000 8000ffff 0000ffff
  pextlh C_P_S32_B, C_P_S32_A: 8000ffff 0000ffff ffff8000 ffff0000
  pextlh C_P_S32_C, C_P_S32_D: ffff1234 ffff5678 80007fff 0000ffff
  pextlh C_P_S32_D, C_P_S32_C: 1234ffff 5678ffff 7fff8000 ffff0000
  pextlh C_P_S32_E, C_P_S32_F: 7fff8000 ffff0000 0000ffff 0000ffff
  pextlh C_P_S32_F, C_P_S32_E: 80007fff 0000ffff ffff0000 ffff0000
  pextlh -> $0: 00000000 00000000 00000000 00000000

pextlw:
  pextlw 0, 0: 00000000 00000000 00000000 00000000
  pextlw 0, 1: 00000000 00000000 00000000 00000001
  pextlw 1, 1: 00000000 00000000 00000001 00000001
  pextlw 1, 0: 00000000 00000000 00000001 00000000
  pextlw 2, 2: 00000000 00000000 00000002 00000002
  pextlw -1, 1: ffffffff 00000000 ffffffff 00000001
  pextlw -1, -1: ffffffff ffffffff ffffffff ffffffff
  pextlw C_ZERO, C_ZERO: 00000000 00000000 00000000 00000000
  pextlw C_ZERO, C_ONE: 00000000 00000000 00000000 00000001
  pextlw C_ONE, C_ZERO: 00000000 00000000 00000001 00000000
  pextlw C_ONE, C_ONE: 00000000 00000000 00000001 00000001
  pextlw C_ONE, C_NEGONE: 00000000 ffffffff 00000001 ffffffff
  pextlw C_S16_MAX, C_S16_MAX: 00000000 00000000 00007fff 00007fff
  pextlw C_S16_MIN, C_S16_MIN: ffffffff ffffffff ffff8000 ffff8000
  pextlw C_S32_MAX, C_S32_MAX: 00000000 00000000 7fffffff 7fffffff
  pextlw C_S32_MIN, C_S32_MIN: ffffffff ffffffff 80000000 80000000
  pextlw C_S64_MAX, C_S64_MAX: 7fffffff 7fffffff ffffffff ffffffff
  pextlw C_S64_MIN, C_S64_MIN: 80000000 80000000 00000000 00000000
  pextlw C_GARBAGE1, C_GARBAGE2: 00001338 deadbeee 00001337 deadbeef
  pextlw C_P_S8_A, C_P_S8_B: ffffffff ff807f34 80808080 80ff127f
  pextlw C_P_S16_A, C_P_S16_B: ffffffff 12347fff 80008000 8000ffff
  pextlw C_P_S32_A, C_P_S32_B: ffffffff 80000000 80000000 ffffffff
  pextlw C_P_S32_B, C_P_S32_A: 80000000 ffffffff ffffffff 80000000
  pextlw C_P_S32_C, C_P_S32_D: ffffffff 12345678 80000000 7fffffff
  pextlw C_P_S32_D, C_P_S32_C: 12345678 ffffffff 7fffffff 80000000
  pextlw C_P_S32_E, C_P_S32_F: 7fffffff 80000000 00000000 ffffffff
  pextlw C_P_S32_F, C_P_S32_E: 80000000 7fffffff ffffffff 00000000
  pextlw -> $0: 00000000 00000000 00000000 00000000

pextub:
  pextub 0, 0: 00000000 00000000 00000000 00000000
  pextub 0, 1: 00000000 00000000 00000000 00000001
  pextub 1, 1: 00000000 00000000 00000000 00000101
  pextub 1, 0: 00000000 00000000 00000000 00000100
  pextub 2, 2: 00000000 00000000 00000000 00000202
  pextub -1, 1: ff00ff00 ff00ff00 ff00ff00 ff00ff01
  pextub -1, -1: ffffffff ffffffff ffffffff ffffffff
  pextub C_ZERO, C_ZERO: 00000000 00000000 00000000 00000000
  pextub C_ZERO, C_ONE: 00000000 00000000 00000000 00000000
  pextub C_ONE, C_ZERO: 00000000 00000000 00000000 00000000
  pextub C_ONE, C_ONE: 00000000 00000000 00000000 00000000
  pextub C_ONE, C_NEGONE: 00ff00ff 00ff00ff 00ff00ff 00ff00ff
  pextub C_S16_MAX, C_S16_MAX: 00000000 00000000 00000000 00000000
  pextub C_S16_MIN, C_S16_MIN: ffffffff ffffffff ffffffff ffffffff
  pextub C_S32_MAX, C_S32_MAX: 00000000 00000000 00000000 00000000
  pextub C_S32_MIN, C_S32_MIN: ffffffff ffffffff ffffffff ffffffff
  pextub C_S64_MAX, C_S64_MAX: 00000000 00000000 00000000 00000000
  pextub C_S64_MIN, C_S64_MIN: ffffffff ffffffff ffffffff ffffffff
  pextub C_GARBAGE1, C_GARBAGE2: 00de00ad 13be3aec 00de00ad 13be39ed
  pextub C_P_S8_A, C_P_S8_B: 7f7f7f78 7fff7f80 1256347f 568078ff
  pextub C_P_S16_A, C_P_S16_B: 7f7fffff 7f56ff78 12ff34ff 56807800
  pextub C_P_S32_A, C_P_S32_B: 7f12ff34 ff56ff78 127f34ff 56ff78ff
  pextub C_P_S32_B, C_P_S32_A: 127f34ff 56ff78ff 7f12ff34 ff56ff78
  pextub C_P_S32_C, C_P_S32_D: 7f80ff00 ff00ff00 12ff34ff 56ff78ff
  pextub C_P_S32_D, C_P_S32_C: 807f00ff 00ff00ff ff12ff34 ff56ff78
  pextub C_P_S32_E, C_P_S32_F: 807f00ff 00ff00ff ff00ff00 ff00ff00
  pextub C_P_S32_F, C_P_S32_E: 7f80ff00 ff00ff00 00ff00ff 00ff00ff
  pextub -> $0: 00000000 00000000 00000000 00000000

pextuh:
  pextuh 0, 0: 00000000 00000000 00000000 00000000
  pextuh 0, 1: 00000000 00000000 00000000 00000001
  pextuh 1, 1: 00000000 00000000 00000000 00010001
  pextuh 1, 0: 00000000 00000000 00000000 00010000
  pextuh 2, 2: 00000000 00000000 00000000 00020002
  pextuh -1, 1: ffff0000 ffff0000 ffff0000 ffff0001
  pextuh -1, -1: ffffffff ffffffff ffffffff ffffffff
  pextuh C_ZERO, C_ZERO: 00000000 00000000 00000000 00000000
  pextuh C_ZERO, C_ONE: 00000000 00000000 00000000 00000000
  pextuh C_ONE, C_ZERO: 00000000 00000000 00000000 00000000
  pextuh C_ONE, C_ONE: 00000000 00000000 00000000 00000000
  pextuh C_ONE, C_NEGONE: 0000ffff 0000ffff 0000ffff 0000ffff
  pextuh C_S16_MAX, C_S16_MAX: 00000000 00000000 00000000 00000000
  pextuh C_S16_MIN, C_S16_MIN: ffffffff ffffffff ffffffff ffffffff
  pextuh C_S32_MAX, C_S32_MAX: 00000000 00000000 00000000 00000000
  pextuh C_S32_MIN, C_S32_MIN: ffffffff ffffffff ffffffff ffffffff
  pextuh C_S64_MAX, C_S64_MAX: 00000000 00000000 00000000 00000000
  pextuh C_S64_MIN, C_S64_MIN: ffffffff ffffffff ffffffff ffffffff
  pextuh C_GARBAGE1, C_GARBAGE2: 0000dead 133abeec 0000dead 1339beed
  pextuh C_P_S8_A, C_P_S8_B: 7f7f7f78 7f7fff80 1234567f 567880ff
  pextuh C_P_S16_A, C_P_S16_B: 7fff7fff 7fff5678 1234ffff 56788000
  pextuh C_P_S32_A, C_P_S32_B: 7fff1234 ffff5678 12347fff 5678ffff
  pextuh C_P_S32_B, C_P_S32_A: 12347fff 5678ffff 7fff1234 ffff5678
  pextuh C_P_S32_C, C_P_S32_D: 7fff8000 ffff0000 1234ffff 5678ffff
  pextuh C_P_S32_D, C_P_S32_C: 80007fff 0000ffff ffff1234 ffff5678
  pextuh C_P_S32_E, C_P_S32_F: 80007fff 0000ffff ffff0000 ffff0000
  pextuh C_P_S32_F, C_P_S32_E: 7fff8000 ffff0000 0000ffff 0000ffff
  pextuh -> $0: 00000000 00000000 00000000 00000000

pextuw:
  pextuw 0, 0: 00000000 00000000 00000000 00000000
  pextuw 0, 1: 00000000 00000000 00000000 00000001
  pextuw 1, 1: 00000000 00000000 00000001 00000001
  pextuw 1, 0: 00000000 00000000 00000001 00000000
  pextuw 2, 2: 00000000 00000000 00000002 00000002
  pextuw -1, 1: ffffffff 00000000 ffffffff 00000001
  pextuw -1, -1: ffffffff ffffffff ffffffff ffffffff
  pextuw C_ZERO, C_ZERO: 00000000 00000000 00000000 00000000
  pextuw C_ZERO, C_ONE: 00000000 00000000 00000000 00000000
  pextuw C_ONE, C_ZERO: 00000000 00000000 00000000 00000000
  pextuw C_ONE, C_ONE: 00000000 00000000 00000000 00000000
  pextuw C_ONE, C_NEGONE: 00000000 ffffffff 00000000 ffffffff
  pextuw C_S16_MAX, C_S16_MAX: 00000000 00000000 00000000 00000000
  pextuw C_S16_MIN, C_S16_MIN: ffffffff ffffffff ffffffff ffffffff
  pextuw C_S32_MAX, C_S32_MAX: 00000000 00000000 00000000 00000000
  pextuw C_S32_MIN, C_S32_MIN: ffffffff ffffffff ffffffff ffffffff
  pextuw C_S64_MAX, C_S64_MAX: 00000000 00000000 00000000 00000000
  pextuw C_S64_MIN, C_S64_MIN: ffffffff ffffffff ffffffff ffffffff
  pextuw C_GARBAGE1, C_GARBAGE2: 0000133a deadbeec 00001339 deadbeed
  pextuw C_P_S8_A, C_P_S8_B: 7f7f7f7f 7f78ff80 12345678 567f80ff
  pextuw C_P_S16_A, C_P_S16_B: 7fff7fff 7fff5678 12345678 ffff8000
  pextuw C_P_S32_A, C_P_S32_B: 7fffffff 12345678 12345678 7fffffff
  pextuw C_P_S32_B, C_P_S32_A: 12345678 7fffffff 7fffffff 12345678
  pextuw C_P_S32_C, C_P_S32_D: 7fffffff 80000000 12345678 ffffffff
  pextuw C_P_S32_D, C_P_S32_C: 80000000 7fffffff ffffffff 12345678
  pextuw C_P_S32_E, C_P_S32_F: 80000000 7fffffff ffffffff 00000000
  pextuw C_P_S32_F, C_P_S32_E: 7fffffff 80000000 00000000 ffffffff
  pextuw -> $0: 00000000 00000000 00000000 00000000

pinteh:
  pinteh 0, 0: 00000000 00000000 00000000 00000000
  pinteh 0, 1: 00000000 00000001 00000000 00000001
  pinteh 1, 1: 00000000 00010001 00000000 00010001
  pinteh 1, 0: 00000000 00010000 00000000 00010000
  pinteh 2, 2: 00000000 00020002 00000000 00020002
  pinteh -1, 1: ffff0000 ffff0001 ffff0000 ffff0001
  pinteh -1, -1: ffffffff ffffffff ffffffff ffffffff
  pinteh C_ZERO, C_ZERO: 00000000 00000000 00000000 00000000
  pinteh C_ZERO, C_ONE: 00000000 00000000 00000000 00000001
  pinteh C_ONE, C_ZERO: 00000000 00000000 00000000 00010000
  pinteh C_ONE, C_ONE: 00000000 00000000 00000000 00010001
  pinteh C_ONE, C_NEGONE: 0000ffff 0000ffff 0000ffff 0001ffff
  pinteh C_S16_MAX, C_S16_MAX: 00000000 00000000 00000000 7fff7fff
  pinteh C_S16_MIN, C_S16_MIN: ffffffff ffffffff ffffffff 80008000
  pinteh C_S32_MAX, C_S32_MAX: 00000000 00000000 00000000 ffffffff
  pinteh C_S32_MIN, C_S32_MIN: ffffffff ffffffff ffffffff 00000000
  pinteh C_S64_MAX, C_S64_MAX: 00000000 00000000 ffffffff ffffffff
  pinteh C_S64_MIN, C_S64_MIN: ffffffff ffffffff 00000000 00000000
  pinteh C_GARBAGE1, C_GARBAGE2: 133abeec 1339beed 1338beee 1337beef
  pinteh C_P_S8_A, C_P_S8_B: 7f7fff80 567880ff ffff7f34 8080127f
  pinteh C_P_S16_A, C_P_S16_B: 7fff5678 56788000 ffff7fff 8000ffff
  pinteh C_P_S32_A, C_P_S32_B: ffff5678 5678ffff ffff0000 0000ffff
  pinteh C_P_S32_B, C_P_S32_A: 5678ffff ffff5678 0000ffff ffff0000
  pinteh C_P_S32_C, C_P_S32_D: ffff0000 5678ffff ffff5678 0000ffff
  pinteh C_P_S32_D, C_P_S32_C: 0000ffff ffff5678 5678ffff ffff0000
  pinteh C_P_S32_E, C_P_S32_F: 0000ffff ffff0000 ffff0000 0000ffff
  pinteh C_P_S32_F, C_P_S32_E: ffff0000 0000ffff 0000ffff ffff0000
  pinteh -> $0: 00000000 00000000 00000000 00000000

pinth:
  pinth 0, 0: 00000000 00000000 00000000 00000000
  pinth 0, 1: 00000000 00000000 00000000 00000001
  pinth 1, 1: 00000000 00000000 00000000 00010001
  pinth 1, 0: 00000000 00000000 00000000 00010000
  pinth 2, 2: 00000000 00000000 00000000 00020002
  pinth -1, 1: ffff0000 ffff0000 ffff0000 ffff0001
  pinth -1, -1: ffffffff ffffffff ffffffff ffffffff
  pinth C_ZERO, C_ZERO: 00000000 00000000 00000000 00000000
  pinth C_ZERO, C_ONE: 00000000 00000000 00000000 00000001
  pinth C_ONE, C_ZERO: 00000000 00000000 00000000 00000000
  pinth C_ONE, C_ONE: 00000000 00000000 00000000 00000001
  pinth C_ONE, C_NEGONE: 0000ffff 0000ffff 0000ffff 0000ffff
  pinth C_S16_MAX, C_S16_MAX: 00000000 00000000 00000000 00007fff
  pinth C_S16_MIN, C_S16_MIN: ffffffff ffffffff ffffffff ffff8000
  pinth C_S32_MAX, C_S32_MAX: 00000000 00000000 00007fff 0000ffff
  pinth C_S32_MIN, C_S32_MIN: ffffffff ffffffff ffff8000 ffff0000
  pinth C_S64_MAX, C_S64_MAX: 00007fff 0000ffff 0000ffff 0000ffff
  pinth C_S64_MIN, C_S64_MIN: ffff8000 ffff0000 ffff0000 ffff0000
  pinth C_GARBAGE1, C_GARBAGE2: 0000dead 133abeee 0000dead 1339beef
  pinth C_P_S8_A, C_P_S8_B: 7f7fff80 7f7f7f34 123480ff 5678127f
  pinth C_P_S16_A, C_P_S16_B: 7fff1234 7fff7fff 12348000 5678ffff
  pinth C_P_S32_A, C_P_S32_B: 7fff8000 ffff0000 1234ffff 5678ffff
  pinth C_P_S32_B, C_P_S32_A: 1234ffff 5678ffff 7fff8000 ffff0000
  pinth C_P_S32_C, C_P_S32_D: 7fff1234 ffff5678 12347fff 5678ffff
  pinth C_P_S32_D, C_P_S32_C: 8000ffff 0000ffff ffff8000 ffff0000
  pinth C_P_S32_E, C_P_S32_F: 80008000 00000000 ffffffff ffffffff
  pinth C_P_S32_F, C_P_S32_E: 7fff7fff ffffffff 00000000 00000000
  pinth -> $0: 00000000 00000000 00000000 00000000

ppac5:
  ppac5 0: 00000000 00000000 00000000 00000000
  ppac5 0: 00000000 00000000 00000000 00000000
  ppac5 1: 00000000 00000000 00000000 00000000
  ppac5 1: 00000000 00000000 00000000 00000000
  ppac5 2: 00000000 00000000 00000000 00000000
  ppac5 -1: 0000ffff 0000ffff 0000ffff 0000ffff
  ppac5 -1: 0000ffff 0000ffff 0000ffff 0000ffff
  ppac5 C_ZERO: 00000000 00000000 00000000 00000000
  ppac5 C_ZERO: 00000000 00000000 00000000 00000000
  ppac5 C_ONE: 00000000 00000000 00000000 00000000
  ppac5 C_ONE: 00000000 00000000 00000000 00000000
  ppac5 C_ONE: 00000000 00000000 00000000 00000000
  ppac5 C_S16_MAX: 00000000 00000000 00000000 000001ff
  ppac5 C_S16_MIN: 0000ffff 0000ffff 0000ffff 0000fe00
  ppac5 C_S32_MAX: 00000000 00000000 00000000 00007fff
  ppac5 C_S32_MIN: 0000ffff 0000ffff 0000ffff 00008000
  ppac5 C_S64_MAX: 00000000 00000000 00007fff 0000ffff
  ppac5 C_S64_MIN: 0000ffff 0000ffff 00008000 00000000
  ppac5 C_GARBAGE1: 00000047 00000047 00000047 00000046
  ppac5 C_P_S8_A: 00003def 0000194f 0000ffff 0000c210
  ppac5 C_P_S16_A: 00007dff 0000194f 0000ffff 00008200
  ppac5 C_P_S32_A: 00007fff 0000194f 0000ffff 00008000
  ppac5 C_P_S32_E: 00008000 0000ffff 00007fff 00000000
  ppac5 -> $0: 00000000 00000000 00000000 00000000

ppacb:
  ppacb 0, 0: 00000000 00000000 00000000 00000000
  ppacb 0, 1: 00000000 00000000 00000001 00000001
  ppacb 1, 1: 00000001 00000001 00000001 00000001
  ppacb 1, 0: 00000001 00000001 00000000 00000000
  ppacb 2, 2: 00000002 00000002 00000002 00000002
  ppacb -1, 1: ffffffff ffffffff 00000001 00000001
  ppacb -1, -1: ffffffff ffffffff ffffffff ffffffff
  ppacb C_ZERO, C_ZERO: 00000000 00000000 00000000 00000000
  ppacb C_ZERO, C_ONE: 00000000 00000000 00000000 00000001
  ppacb C_ONE, C_ZERO: 00000000 00000001 00000000 00000000
  ppacb C_ONE, C_ONE: 00000000 00000001 00000000 00000001
  ppacb C_ONE, C_NEGONE: 00000000 00000001 ffffffff ffffffff
  ppacb C_S16_MAX, C_S16_MAX: 00000000 000000ff 00000000 000000ff
  ppacb C_S16_MIN, C_S16_MIN: ffffffff ffffff00 ffffffff ffffff00
  ppacb C_S32_MAX, C_S32_MAX: 00000000 0000ffff 00000000 0000ffff
  ppacb C_S32_MIN, C_S32_MIN: ffffffff ffff0000 ffffffff ffff0000
  ppacb C_S64_MAX, C_S64_MAX: 00000000 ffffffff 00000000 ffffffff
  ppacb C_S64_MIN, C_S64_MIN: ffffffff 00000000 ffffffff 00000000
  ppacb C_GARBAGE1, C_GARBAGE2: 003a0039 00380037 adecaded adeeadef
  ppacb C_P_S8_A, C_P_S8_B: 7f7f3478 ffff8080 78807fff 8034ff7f
  ppacb C_P_S16_A, C_P_S16_B: ffff3478 ffff0000 ff78ff00 34ff00ff
  ppacb C_P_S32_A, C_P_S32_B: ffff3478 ffff0000 3478ffff 0000ffff
  ppacb C_P_S32_B, C_P_S32_A: 3478ffff 0000ffff ffff3478 ffff0000
  ppacb C_P_S32_C, C_P_S32_D: ffff3478 ffff0000 0000ffff 3478ffff
  ppacb C_P_S32_D, C_P_S32_C: 0000ffff 3478ffff ffff3478 ffff0000
  ppacb C_P_S32_E, C_P_S32_F: 0000ffff ffff0000 ffff0000 0000ffff
  ppacb C_P_S32_F, C_P_S32_E: ffff0000 0000ffff 0000ffff ffff0000
  ppacb -> $0: 00000000 00000000 00000000 00000000

ppach:
  ppach 0, 0: 00000000 00000000 00000000 00000000
  ppach 0, 1: 00000000 00000000 00000001 00000001
  ppach 1, 1: 00000001 00000001 00000001 00000001
  ppach 1, 0: 00000001 00000001 00000000 00000000
  ppach 2, 2: 00000002 00000002 00000002 00000002
  ppach -1, 1: ffffffff ffffffff 00000001 00000001
  ppach -1, -1: ffffffff ffffffff ffffffff ffffffff
  ppach C_ZERO, C_ZERO: 00000000 00000000 00000000 00000000
  ppach C_ZERO, C_ONE: 00000000 00000000 00000000 00000001
  ppach C_ONE, C_ZERO: 00000000 00000001 00000000 00000000
  ppach C_ONE, C_ONE: 00000000 00000001 00000000 00000001
  ppach C_ONE, C_NEGONE: 00000000 00000001 ffffffff ffffffff
  ppach C_S16_MAX, C_S16_MAX: 00000000 00007fff 00000000 00007fff
  ppach C_S16_MIN, C_S16_MIN: ffffffff ffff8000 ffffffff ffff8000
  ppach C_S32_MAX, C_S32_MAX: 00000000 0000ffff 00000000 0000ffff
  ppach C_S32_MIN, C_S32_MIN: ffffffff ffff0000 ffffffff ffff0000
  ppach C_S64_MAX, C_S64_MAX: 00000000 ffffffff 00000000 ffffffff
  ppach C_S64_MIN, C_S64_MIN: ffffffff 00000000 ffffffff 00000000
  ppach C_GARBAGE1, C_GARBAGE2: 133a1339 13381337 beecbeed beeebeef
  ppach C_P_S8_A, C_P_S8_B: 7f7f5678 ffff8080 ff8080ff 7f34127f
  ppach C_P_S16_A, C_P_S16_B: 7fff5678 ffff8000 56788000 7fffffff
  ppach C_P_S32_A, C_P_S32_B: ffff5678 ffff0000 5678ffff 0000ffff
  ppach C_P_S32_B, C_P_S32_A: 5678ffff 0000ffff ffff5678 ffff0000
  ppach C_P_S32_C, C_P_S32_D: ffff5678 ffff0000 0000ffff 5678ffff
  ppach C_P_S32_D, C_P_S32_C: 0000ffff 5678ffff ffff5678 ffff0000
  ppach C_P_S32_E, C_P_S32_F: 0000ffff ffff0000 ffff0000 0000ffff
  ppach C_P_S32_F, C_P_S32_E: ffff0000 0000ffff 0000ffff ffff0000
  ppach -> $0: 00000000 00000000 00000000 00000000

psubsw:
  psubsw 0, 0: 00000000 00000000 00000000 00000000
  psubsw 0, 1: 00000000 ffffffff 00000000 ffffffff
  psubsw 1, 1: 00000000 00000000 00000000 00000000
  psubsw 1, 0: 00000000 00000001 00000000 00000001
  psubsw 2, 2: 00000000 00000000 00000000 00000000
  psubsw -1, 1: ffffffff fffffffe ffffffff fffffffe
  psubsw -1, -1: 00000000 00000000 00000000 00000000
  psubsw C_ZERO, C_ZERO: 00000000 00000000 00000000 00000000
  psubsw C_ZERO, C_ONE: 00000000 00000000 00000000 ffffffff
  psubsw C_ONE, C_ZERO: 00000000 00000000 00000000 00000001
  psubsw C_ONE, C_ONE: 00000000 00000000 00000000 00000000
  psubsw C_ONE, C_NEGONE: 00000001 00000001 00000001 00000002
  psubsw C_S16_MAX, C_S16_MAX: 00000000 00000000 00000000 00000000
  psubsw C_S16_MIN, C_S16_MIN: 00000000 00000000 00000000 00000000
  psubsw C_S32_MAX, C_S32_MAX: 00000000 00000000 00000000 00000000
  psubsw C_S32_MIN, C_S32_MIN: 00000000 00000000 00000000 00000000
  psubsw C_S64_MAX, C_S64_MAX: 00000000 00000000 00000000 00000000
  psubsw C_S64_MIN, C_S64_MIN: 00000000 00000000 00000000 00000000
  psubsw C_GARBAGE1, C_GARBAGE2: 2152544e 2152544c 2152544a 21525448
  psubsw C_P_S8_A, C_P_S8_B: 00067fff bbb4d579 007f80cb ff816e01
  psubsw C_P_S16_A, C_P_S16_B: 00002987 1234d678 edcb8000 ffff8001
  psubsw C_P_S32_A, C_P_S32_B: 6dcba987 92345679 7fffffff 80000001
  psubsw C_P_S32_B, C_P_S32_A: 92345679 6dcba987 80000001 7fffffff
  psubsw C_P_S32_C, C_P_S32_D: 7fffffff 12345679 edcba987 80000000
  psubsw C_P_S32_D, C_P_S32_C: 80000000 edcba987 12345679 7fffffff
  psubsw C_P_S32_E, C_P_S32_F: 80000000 ffffffff 7fffffff 00000001
  psubsw C_P_S32_F, C_P_S32_E: 7fffffff 00000001 80000000 ffffffff
  psubsw -> $0: 00000000 00000000 00000000 00000000

ppacw:
  ppacw 0, 0: 00000000 00000000 00000000 00000000
  ppacw 0, 1: 00000000 00000000 00000001 00000001
  ppacw 1, 1: 00000001 00000001 00000001 00000001
  ppacw 1, 0: 00000001 00000001 00000000 00000000
  ppacw 2, 2: 00000002 00000002 00000002 00000002
  ppacw -1, 1: ffffffff ffffffff 00000001 00000001
  ppacw -1, -1: ffffffff ffffffff ffffffff ffffffff
  ppacw C_ZERO, C_ZERO: 00000000 00000000 00000000 00000000
  ppacw C_ZERO, C_ONE: 00000000 00000000 00000000 00000001
  ppacw C_ONE, C_ZERO: 00000000 00000001 00000000 00000000
  ppacw C_ONE, C_ONE: 00000000 00000001 00000000 00000001
  ppacw C_ONE, C_NEGONE: 00000000 00000001 ffffffff ffffffff
  ppacw C_S16_MAX, C_S16_MAX: 00000000 00007fff 00000000 00007fff
  ppacw C_S16_MIN, C_S16_MIN: ffffffff ffff8000 ffffffff ffff8000
  ppacw C_S32_MAX, C_S32_MAX: 00000000 7fffffff 00000000 7fffffff
  ppacw C_S32_MIN, C_S32_MIN: ffffffff 80000000 ffffffff 80000000
  ppacw C_S64_MAX, C_S64_MAX: 00000000 ffffffff 00000000 ffffffff
  ppacw C_S64_MIN, C_S64_MIN: ffffffff 00000000 ffffffff 00000000
  ppacw C_GARBAGE1, C_GARBAGE2: 00001339 00001337 deadbeed deadbeef
  ppacw C_P_S8_A, C_P_S8_B: 12345678 80808080 567f80ff 80ff127f
  ppacw C_P_S16_A, C_P_S16_B: 12345678 80008000 ffff8000 8000ffff
  ppacw C_P_S32_A, C_P_S32_B: 12345678 80000000 7fffffff ffffffff
  ppacw C_P_S32_B, C_P_S32_A: 7fffffff ffffffff 12345678 80000000
  ppacw C_P_S32_C, C_P_S32_D: 12345678 80000000 ffffffff 7fffffff
  ppacw C_P_S32_D, C_P_S32_C: ffffffff 7fffffff 12345678 80000000
  ppacw C_P_S32_E, C_P_S32_F: ffffffff 00000000 00000000 ffffffff
  ppacw C_P_S32_F, C_P_S32_E: 00000000 ffffffff ffffffff 00000000
  ppacw -> $0: 00000000 00000000 00000000 00000000

prevh:
  prevh 0: 00000000 00000000 00000000 00000000
  prevh 0: 00000000 00000000 00000000 00000000
  prevh 1: 00010000 00000000 00010000 00000000
  prevh 1: 00010000 00000000 00010000 00000000
  prevh 2: 00020000 00000000 00020000 00000000
  prevh -1: ffffffff ffffffff ffffffff ffffffff
  prevh -1: ffffffff ffffffff ffffffff ffffffff
  prevh C_ZERO: 00000000 00000000 00000000 00000000
  prevh C_ZERO: 00000000 00000000 00000000 00000000
  prevh C_ONE: 00000000 00000000 00010000 00000000
  prevh C_ONE: 00000000 00000000 00010000 00000000
  prevh C_ONE: 00000000 00000000 00010000 00000000
  prevh C_S16_MAX: 00000000 00000000 7fff0000 00000000
  prevh C_S16_MIN: ffffffff ffffffff 8000ffff ffffffff
  prevh C_S32_MAX: 00000000 00000000 ffff7fff 00000000
  prevh C_S32_MIN: ffffffff ffffffff 00008000 ffffffff
  prevh C_S64_MAX: 00000000 00000000 ffffffff ffff7fff
  prevh C_S64_MIN: ffffffff ffffffff 00000000 00008000
  prevh C_GARBAGE1: 13390000 133a0000 13370000 13380000
  prevh C_P_S8_A: 56781234 7f7f7f7f 80808080 ffffffff
  prevh C_P_S16_A: 56781234 7fff7fff 80008000 ffffffff
  prevh C_P_S32_A: 56781234 ffff7fff 00008000 ffffffff
  prevh C_P_S32_E: ffffffff 00008000 00000000 ffff7fff
  prevh -> $0: 00000000 00000000 00000000 00000000

prot3w:
  prot3w 0: 00000000 00000000 00000000 00000000
  prot3w 0: 00000000 00000000 00000000 00000000
  prot3w 1: 00000000 00000001 00000001 00000000
  prot3w 1: 00000000 00000001 00000001 00000000
  prot3w 2: 00000000 00000002 00000002 00000000
  prot3w -1: ffffffff ffffffff ffffffff ffffffff
  prot3w -1: ffffffff ffffffff ffffffff ffffffff
  prot3w C_ZERO: 00000000 00000000 00000000 00000000
  prot3w C_ZERO: 00000000 00000000 00000000 00000000
  prot3w C_ONE: 00000000 00000001 00000000 00000000
  prot3w C_ONE: 00000000 00000001 00000000 00000000
  prot3w C_ONE: 00000000 00000001 00000000 00000000
  prot3w C_S16_MAX: 00000000 00007fff 00000000 00000000
  prot3w C_S16_MIN: ffffffff ffff8000 ffffffff ffffffff
  prot3w C_S32_MAX: 00000000 7fffffff 00000000 00000000
  prot3w C_S32_MIN: ffffffff 80000000 ffffffff ffffffff
  prot3w C_S64_MAX: 00000000 ffffffff 00000000 7fffffff
  prot3w C_S64_MIN: ffffffff 00000000 ffffffff 80000000
  prot3w C_GARBAGE1: 0000133a 00001337 00001339 00001338
  prot3w C_P_S8_A: 7f7f7f7f 80808080 12345678 ffffffff
  prot3w C_P_S16_A: 7fff7fff 80008000 12345678 ffffffff
  prot3w C_P_S32_A: 7fffffff 80000000 12345678 ffffffff
  prot3w C_P_S32_E: 80000000 00000000 ffffffff 7fffffff
  prot3w -> $0: 00000000 00000000 00000000 00000000

-- TEST END
