-- TEST BEGIN
push back: 1, 2, 3, 1, 2, 3, 1, 2, 3
push front: 3, 2, 1, 3, 2, 1, 3, 2, 1
mixed front back: 4, 2, 1, 3, 4, 2, 1, 3, 4
remove: 1, 3, 1, 3, 1, 3, 1, 3, 1
relative: 1, 4, 2, 3, 1, 4, 2, 3, 1
cancel: 1, 2, 1, 2, 1, 2, 1, 2, 1
-- TEST END
