-- TEST BEGIN
unused event flag:
  delete after creation: succeeded
used event flag:
  delete while thread is waiting: succeeded
  delete thread returned: 0
corner cases:
  delete with invalid tid: failed -> result: -409
-- TEST END
