-- TEST BEGIN
%d: 32
%03d: 045
%3d:  12
%3.3d: 087
%s%3.3d: myfile000
%x: deadbeef
%X: DEADBEEF
%08x: 00000017
%8x:        c
-- TEST END
